Archive member included to satisfy reference by file (symbol)

libcodal-microbit-v2.a(MicroBitAudio.cpp.obj)
                              CMakeFiles/MICROBIT.dir/source/main.cpp.obj (codal::MicroBitAudio::~MicroBitAudio())
libcodal-microbit-v2.a(MicroBitDisplay.cpp.obj)
                              CMakeFiles/MICROBIT.dir/source/main.cpp.obj (codal::MicroBitDisplay::~MicroBitDisplay())
libcodal-microbit-v2.a(MicroBitPowerManager.cpp.obj)
                              CMakeFiles/MICROBIT.dir/source/main.cpp.obj (MicroBitPowerManager::~MicroBitPowerManager())
libcodal-microbit-v2.a(MicroBitUSBFlashManager.cpp.obj)
                              CMakeFiles/MICROBIT.dir/source/main.cpp.obj (MicroBitUSBFlashManager::~MicroBitUSBFlashManager())
libcodal-microbit-v2.a(Mixer2.cpp.obj)
                              libcodal-microbit-v2.a(MicroBitAudio.cpp.obj) (codal::Mixer2::Mixer2(int, int, int))
libcodal-microbit-v2.a(NRF52FlashManager.cpp.obj)
                              CMakeFiles/MICROBIT.dir/source/main.cpp.obj (codal::NRF52FlashManager::~NRF52FlashManager())
libcodal-microbit-v2.a(NRF52LedMatrix.cpp.obj)
                              libcodal-microbit-v2.a(MicroBitDisplay.cpp.obj) (codal::NRF52LEDMatrix::~NRF52LEDMatrix())
libcodal-microbit-v2.a(SoundEmojiSynthesizer.cpp.obj)
                              libcodal-microbit-v2.a(MicroBitAudio.cpp.obj) (codal::SoundEmojiSynthesizer::~SoundEmojiSynthesizer())
libcodal-microbit-v2.a(SoundExpressions.cpp.obj)
                              libcodal-microbit-v2.a(MicroBitAudio.cpp.obj) (codal::SoundExpressions::SoundExpressions(codal::SoundEmojiSynthesizer&))
libcodal-microbit-v2.a(SoundOutputPin.cpp.obj)
                              libcodal-microbit-v2.a(MicroBitAudio.cpp.obj) (codal::SoundOutputPin::SoundOutputPin(codal::Mixer2&, int))
libcodal-microbit-v2.a(SoundSynthesizerEffects.cpp.obj)
                              libcodal-microbit-v2.a(SoundExpressions.cpp.obj) (codal::SoundSynthesizerEffects::noInterpolation(codal::SoundEmojiSynthesizer*, codal::ToneEffect*))
libcodal-microbit-v2.a(MicroBitBLEManager.cpp.obj)
                              CMakeFiles/MICROBIT.dir/source/main.cpp.obj (vtable for MicroBitBLEManager)
libcodal-microbit-v2.a(MicroBit.cpp.obj)
                              CMakeFiles/MICROBIT.dir/source/main.cpp.obj (codal::MicroBit::init())
libcodal-microbit-v2.a(MicroBitIO.cpp.obj)
                              libcodal-microbit-v2.a(MicroBit.cpp.obj) (codal::MicroBitIO::MicroBitIO(NRF52ADC&, codal::TouchSensor&))
libcodal-microbit-v2.a(MicroBitAccelerometer.cpp.obj)
                              libcodal-microbit-v2.a(MicroBit.cpp.obj) (MicroBitAccelerometer::autoDetect(codal::MicroBitI2C&))
libcodal-microbit-v2.a(MicroBitCompass.cpp.obj)
                              libcodal-microbit-v2.a(MicroBit.cpp.obj) (MicroBitCompass::autoDetect(codal::MicroBitI2C&))
libcodal-microbit-v2.a(MicroBitCompassCalibrator.cpp.obj)
                              libcodal-microbit-v2.a(MicroBit.cpp.obj) (codal::MicroBitCompassCalibrator::MicroBitCompassCalibrator(codal::Compass&, codal::Accelerometer&, codal::MicroBitDisplay&, codal::KeyValueStorage&))
libcodal-microbit-v2.a(MicroBitCompat.cpp.obj)
                              libcodal-microbit-v2.a(MicroBitBLEManager.cpp.obj) (codal::fiber_add_idle_component(codal::CodalComponent*))
libcodal-microbit-v2.a(MicroBitDevice.cpp.obj)
                              libcodal-microbit-v2.a(MicroBit.cpp.obj) (codal::MicroBitDevice::seedRandom(unsigned long))
libcodal-microbit-v2.a(MicroBitRadio.cpp.obj)
                              libcodal-microbit-v2.a(MicroBit.cpp.obj) (codal::MicroBitRadio::MicroBitRadio(unsigned short))
libcodal-microbit-v2.a(MicroBitRadioDatagram.cpp.obj)
                              libcodal-microbit-v2.a(MicroBitRadio.cpp.obj) (codal::MicroBitRadioDatagram::MicroBitRadioDatagram(codal::MicroBitRadio&))
libcodal-microbit-v2.a(MicroBitRadioEvent.cpp.obj)
                              libcodal-microbit-v2.a(MicroBitRadio.cpp.obj) (codal::MicroBitRadioEvent::MicroBitRadioEvent(codal::MicroBitRadio&))
libcodal-microbit-v2.a(MicroBitThermometer.cpp.obj)
                              libcodal-microbit-v2.a(MicroBit.cpp.obj) (codal::MicroBitThermometer::MicroBitThermometer(unsigned short))
libcodal-microbit-v2.a(PacketBuffer.cpp.obj)
                              libcodal-microbit-v2.a(MicroBitRadioDatagram.cpp.obj) (codal::PacketBuffer::~PacketBuffer())
libcodal-microbit-v2.a(MicroBitI2C.cpp.obj)
                              libcodal-microbit-v2.a(MicroBit.cpp.obj) (codal::MicroBitI2C::MicroBitI2C(codal::NRF52Pin&, codal::NRF52Pin&))
libcodal-core.a(CodalCompat.cpp.obj)
                              libcodal-microbit-v2.a(SoundExpressions.cpp.obj) (codal::random(int))
libcodal-core.a(CodalComponent.cpp.obj)
                              libcodal-microbit-v2.a(MicroBitAudio.cpp.obj) (codal::CodalComponent::addComponent())
libcodal-core.a(CodalDevice.cpp.obj)
[...]
Memory Configuration

Name             Origin             Length             Attributes
MBR              0x00000000         0x00001000         xr
SD               0x00001000         0x0001b000         xr
FLASH            0x0001c000         0x0005b000         xr
BOOTLOADER       0x00077000         0x00007000         xr
SETTINGS         0x0007e000         0x00002000         xr
UICR             0x10001014         0x00000008         xr
RAM              0x20002440         0x0001dbc0         xrw
*default*        0x00000000         0xffffffff

Linker script and memory map

LOAD c:/progra~2/gnuarm~1/92020-~1/bin/../lib/gcc/arm-none-eabi/9.3.1/thumb/v7e-m+fp/softfp/crti.o
LOAD c:/progra~2/gnuarm~1/92020-~1/bin/../lib/gcc/arm-none-eabi/9.3.1/thumb/v7e-m+fp/softfp/crtbegin.o
LOAD c:/progra~2/gnuarm~1/92020-~1/bin/../lib/gcc/arm-none-eabi/9.3.1/../../../../arm-none-eabi/lib/thumb/v7e-m+fp/softfp/crt0.o
START GROUP
LOAD c:/progra~2/gnuarm~1/92020-~1/bin/../lib/gcc/arm-none-eabi/9.3.1/../../../../arm-none-eabi/lib/thumb/v7e-m+fp/softfp\libstdc++_nano.a
LOAD c:/progra~2/gnuarm~1/92020-~1/bin/../lib/gcc/arm-none-eabi/9.3.1/../../../../arm-none-eabi/lib/thumb/v7e-m+fp/softfp\libsupc++_nano.a
LOAD c:/progra~2/gnuarm~1/92020-~1/bin/../lib/gcc/arm-none-eabi/9.3.1/thumb/v7e-m+fp/softfp\libgcc.a
LOAD c:/progra~2/gnuarm~1/92020-~1/bin/../lib/gcc/arm-none-eabi/9.3.1/../../../../arm-none-eabi/lib/thumb/v7e-m+fp/softfp\libnosys.a
END GROUP
START GROUP
LOAD CMakeFiles/MICROBIT.dir/source/main.cpp.obj
LOAD libcodal-microbit-v2.a
LOAD libcodal-core.a
LOAD libcodal-nrf52.a
LOAD libcodal-microbit-nrf5sdk.a
LOAD libcodal-nrf52.a
LOAD libcodal-core.a
LOAD ../libraries/codal-microbit-v2/lib/bootloader.o
LOAD ../libraries/codal-microbit-v2/lib/mbr.o
LOAD ../libraries/codal-microbit-v2/lib/settings.o
LOAD ../libraries/codal-microbit-v2/lib/softdevice.o
LOAD ../libraries/codal-microbit-v2/lib/uicr.o
LOAD c:/progra~2/gnuarm~1/92020-~1/bin/../lib/gcc/arm-none-eabi/9.3.1/../../../../arm-none-eabi/lib/thumb/v7e-m+fp/softfp\libnosys.a
LOAD c:/progra~2/gnuarm~1/92020-~1/bin/../lib/gcc/arm-none-eabi/9.3.1/../../../../arm-none-eabi/lib/thumb/v7e-m+fp/softfp\libstdc++_nano.a
LOAD c:/progra~2/gnuarm~1/92020-~1/bin/../lib/gcc/arm-none-eabi/9.3.1/../../../../arm-none-eabi/lib/thumb/v7e-m+fp/softfp\libsupc++_nano.a
LOAD c:/progra~2/gnuarm~1/92020-~1/bin/../lib/gcc/arm-none-eabi/9.3.1/../../../../arm-none-eabi/lib/thumb/v7e-m+fp/softfp\libm.a
LOAD c:/progra~2/gnuarm~1/92020-~1/bin/../lib/gcc/arm-none-eabi/9.3.1/../../../../arm-none-eabi/lib/thumb/v7e-m+fp/softfp\libc_nano.a
LOAD c:/progra~2/gnuarm~1/92020-~1/bin/../lib/gcc/arm-none-eabi/9.3.1/thumb/v7e-m+fp/softfp\libgcc.a
LOAD c:/progra~2/gnuarm~1/92020-~1/bin/../lib/gcc/arm-none-eabi/9.3.1/../../../../arm-none-eabi/lib/thumb/v7e-m+fp/softfp\libstdc++_nano.a
LOAD c:/progra~2/gnuarm~1/92020-~1/bin/../lib/gcc/arm-none-eabi/9.3.1/../../../../arm-none-eabi/lib/thumb/v7e-m+fp/softfp\libsupc++_nano.a
LOAD c:/progra~2/gnuarm~1/92020-~1/bin/../lib/gcc/arm-none-eabi/9.3.1/../../../../arm-none-eabi/lib/thumb/v7e-m+fp/softfp\libm.a
LOAD c:/progra~2/gnuarm~1/92020-~1/bin/../lib/gcc/arm-none-eabi/9.3.1/../../../../arm-none-eabi/lib/thumb/v7e-m+fp/softfp\libc_nano.a
LOAD c:/progra~2/gnuarm~1/92020-~1/bin/../lib/gcc/arm-none-eabi/9.3.1/thumb/v7e-m+fp/softfp\libgcc.a
END GROUP
LOAD c:/progra~2/gnuarm~1/92020-~1/bin/../lib/gcc/arm-none-eabi/9.3.1/../../../../arm-none-eabi/lib/thumb/v7e-m+fp/softfp\libstdc++_nano.a
LOAD c:/progra~2/gnuarm~1/92020-~1/bin/../lib/gcc/arm-none-eabi/9.3.1/../../../../arm-none-eabi/lib/thumb/v7e-m+fp/softfp\libm.a
LOAD c:/progra~2/gnuarm~1/92020-~1/bin/../lib/gcc/arm-none-eabi/9.3.1/../../../../arm-none-eabi/lib/thumb/v7e-m+fp/softfp\libc_nano.a
START GROUP
LOAD c:/progra~2/gnuarm~1/92020-~1/bin/../lib/gcc/arm-none-eabi/9.3.1/thumb/v7e-m+fp/softfp\libgcc.a
LOAD c:/progra~2/gnuarm~1/92020-~1/bin/../lib/gcc/arm-none-eabi/9.3.1/../../../../arm-none-eabi/lib/thumb/v7e-m+fp/softfp\libc_nano.a
END GROUP
START GROUP
LOAD c:/progra~2/gnuarm~1/92020-~1/bin/../lib/gcc/arm-none-eabi/9.3.1/thumb/v7e-m+fp/softfp\libgcc.a
LOAD c:/progra~2/gnuarm~1/92020-~1/bin/../lib/gcc/arm-none-eabi/9.3.1/../../../../arm-none-eabi/lib/thumb/v7e-m+fp/softfp\libc_nano.a
END GROUP
LOAD c:/progra~2/gnuarm~1/92020-~1/bin/../lib/gcc/arm-none-eabi/9.3.1/thumb/v7e-m+fp/softfp/crtend.o
LOAD c:/progra~2/gnuarm~1/92020-~1/bin/../lib/gcc/arm-none-eabi/9.3.1/thumb/v7e-m+fp/softfp/crtn.o
                0x00000000                . = ALIGN (0x4)

.mbr            0x00000000      0xb00
 *(SORT_BY_ALIGNMENT(.mbr))
 .mbr           0x00000000      0xb00 ../libraries/codal-microbit-v2/lib/mbr.o
                0x00000000                _binary_mbr_bin_start
                0x00000b00                _binary_mbr_bin_end
                0x00000b00                . = ALIGN (0x4)

.softdevice     0x00001000    0x1a400
 *(SORT_BY_ALIGNMENT(.softdevice))
 .softdevice    0x00001000    0x1a400 ../libraries/codal-microbit-v2/lib/softdevice.o
                0x00001000                _binary_softdevice_bin_start
                0x0001b400                _binary_softdevice_bin_end
                0x0001b400                . = ALIGN (0x4)

.bootloader     0x00077000     0x63ec
 *(SORT_BY_ALIGNMENT(.bootloader))
 .bootloader    0x00077000     0x63ec ../libraries/codal-microbit-v2/lib/bootloader.o
                0x00077000                _binary_bootloader_s113_bin_start
                0x0007d3ec                _binary_bootloader_s113_bin_end
                0x0007d3ec                . = ALIGN (0x4)

.uicr           0x10001014        0x8
 *(SORT_BY_ALIGNMENT(.uicr))
 .uicr          0x10001014        0x8 ../libraries/codal-microbit-v2/lib/uicr.o
                0x10001014                _binary_77000uicr_bin_start
                0x1000101c                _binary_77000uicr_bin_end
                0x1000101c                . = ALIGN (0x4)

.settings       0x0007e000     0x1323
 *(SORT_BY_ALIGNMENT(.settings))
 .settings      0x0007e000     0x1323 ../libraries/codal-microbit-v2/lib/settings.o
                0x0007e000                _binary_no_validation_settings_bin_start
                0x0007f323                _binary_no_validation_settings_bin_end

.text           0x0001c000    0x165a4
 *(SORT_BY_ALIGNMENT(.isr_vector))
 .isr_vector    0x0001c000      0x200 libcodal-nrf52.a(gcc_startup_nrf52833.S.obj)
                0x0001c000                __isr_vector
 *(SORT_BY_ALIGNMENT(.Vectors))
 *(SORT_BY_ALIGNMENT(.text*))
 .text          0x0001c200       0x40 c:/progra~2/gnuarm~1/92020-~1/bin/../lib/gcc/arm-none-eabi/9.3.1/thumb/v7e-m+fp/softfp/crtbegin.o
 .text          0x0001c240       0x7c c:/progra~2/gnuarm~1/92020-~1/bin/../lib/gcc/arm-none-eabi/9.3.1/../../../../arm-none-eabi/lib/thumb/v7e-m+fp/softfp/crt0.o
                0x0001c240                _stack_init
                0x0001c248                _start
                0x0001c248                _mainCRTStartup
 .text._ZN5codal14CodalComponent4initEv
                0x0001c2bc        0x8 CMakeFiles/MICROBIT.dir/source/main.cpp.obj
                0x0001c2bc                codal::CodalComponent::init()
 .text._ZN5codal14CodalComponent16periodicCallbackEv
                0x0001c2c4        0x4 CMakeFiles/MICROBIT.dir/source/main.cpp.obj
                0x0001c2c4                codal::CodalComponent::periodicCallback()
 .text._ZN5codal14CodalComponent12idleCallbackEv
                0x0001c2c8        0x4 CMakeFiles/MICROBIT.dir/source/main.cpp.obj
                0x0001c2c8                codal::CodalComponent::idleCallback()
 .text._ZN5codal14CodalComponent8setSleepEb
                0x0001c2cc        0x8 CMakeFiles/MICROBIT.dir/source/main.cpp.obj
                0x0001c2cc                codal::CodalComponent::setSleep(bool)
 .text._Z10onButtonABN5codal5EventE
                0x0001c2d4       0x50 CMakeFiles/MICROBIT.dir/source/main.cpp.obj
                0x0001c2d4                onButtonAB(codal::Event)
 .text._Z12displayHellov
                0x0001c324       0x70 CMakeFiles/MICROBIT.dir/source/main.cpp.obj
                0x0001c324                displayHello()
 .text._ZN5codal14CodalComponentD2Ev
                0x0001c394       0x18 CMakeFiles/MICROBIT.dir/source/main.cpp.obj
                0x0001c394                codal::CodalComponent::~CodalComponent()
                0x0001c394                codal::CodalComponent::~CodalComponent()
 .text._ZN5codal14CodalComponentD0Ev
                0x0001c3ac       0x20 CMakeFiles/MICROBIT.dir/source/main.cpp.obj
                0x0001c3ac                codal::CodalComponent::~CodalComponent()
 .text._ZN8NRF52ADCD2Ev
                0x0001c3cc       0x58 CMakeFiles/MICROBIT.dir/source/main.cpp.obj
                0x0001c3cc                NRF52ADC::~NRF52ADC()
                0x0001c3cc                NRF52ADC::~NRF52ADC()
 .text._ZN8NRF52ADCD0Ev
                0x0001c424       0x60 CMakeFiles/MICROBIT.dir/source/main.cpp.obj
                0x0001c424                NRF52ADC::~NRF52ADC()
 .text._ZN5codal10EventModel6listenEiiPFvNS_5EventEEt
                0x0001c484       0x60 CMakeFiles/MICROBIT.dir/source/main.cpp.obj
                0x0001c484                codal::EventModel::listen(int, int, void (*)(codal::Event), unsigned short)
 .text._Z11analogPitchii
                0x0001c4e4       0x54 CMakeFiles/MICROBIT.dir/source/main.cpp.obj
                0x0001c4e4                analogPitch(int, int)
 .text._Z9playScalev
                0x0001c538       0x68 CMakeFiles/MICROBIT.dir/source/main.cpp.obj
                0x0001c538                playScale()
 .text._Z9onButtonAN5codal5EventE
                0x0001c5a0       0x60 CMakeFiles/MICROBIT.dir/source/main.cpp.obj
                0x0001c5a0                onButtonA(codal::Event)
 .text.startup._GLOBAL__sub_I_uBit
                0x0001c600       0x24 CMakeFiles/MICROBIT.dir/source/main.cpp.obj
 .text._ZN5codal8MicroBitD2Ev
                0x0001c624      0x324 CMakeFiles/MICROBIT.dir/source/main.cpp.obj
                0x0001c624                codal::MicroBit::~MicroBit()
                0x0001c624                codal::MicroBit::~MicroBit()
                0x0001c7b4                non-virtual thunk to codal::MicroBit::~MicroBit()
 .text._ZN5codal8MicroBitD0Ev
                0x0001c948      0x334 CMakeFiles/MICROBIT.dir/source/main.cpp.obj
                0x0001c948                non-virtual thunk to codal::MicroBit::~MicroBit()
                0x0001cae4                codal::MicroBit::~MicroBit()
 .text._Z9say_hellov
                0x0001cc7c       0x6c CMakeFiles/MICROBIT.dir/source/main.cpp.obj
                0x0001cc7c                say_hello()
 .text._Z9onButtonBN5codal5EventE
                0x0001cce8       0x54 CMakeFiles/MICROBIT.dir/source/main.cpp.obj
                0x0001cce8                onButtonB(codal::Event)
 .text.startup.main
                0x0001cd3c       0xa8 CMakeFiles/MICROBIT.dir/source/main.cpp.obj
                0x0001cd3c                main
 .text._ZN5codal13MicroBitAudioC2ERNS_8NRF52PinES2_
                0x0001cde4       0xa0 libcodal-microbit-v2.a(MicroBitAudio.cpp.obj)
                0x0001cde4                codal::MicroBitAudio::MicroBitAudio(codal::NRF52Pin&, codal::NRF52Pin&)
                0x0001cde4                codal::MicroBitAudio::MicroBitAudio(codal::NRF52Pin&, codal::NRF52Pin&)
 .text._ZN5codal13MicroBitAudio17setSpeakerEnabledEb
                0x0001ce84       0x24 libcodal-microbit-v2.a(MicroBitAudio.cpp.obj)
                0x0001ce84                codal::MicroBitAudio::setSpeakerEnabled(bool)
 .text._ZN5codal13MicroBitAudio13setPinEnabledEb
                0x0001cea8       0x24 libcodal-microbit-v2.a(MicroBitAudio.cpp.obj)
                0x0001cea8                codal::MicroBitAudio::setPinEnabled(bool)
 .text._ZN5codal13MicroBitAudio6enableEv.part.0
                0x0001cecc       0x78 libcodal-microbit-v2.a(MicroBitAudio.cpp.obj)
 .text._ZN5codal13MicroBitAudio17requestActivationEv
                0x0001cf44       0x18 libcodal-microbit-v2.a(MicroBitAudio.cpp.obj)
                0x0001cf44                codal::MicroBitAudio::requestActivation()
 .text._ZN5codal13MicroBitAudioD2Ev
                0x0001cf5c       0x84 libcodal-microbit-v2.a(MicroBitAudio.cpp.obj)
                0x0001cf5c                codal::MicroBitAudio::~MicroBitAudio()
                0x0001cf5c                codal::MicroBitAudio::~MicroBitAudio()
 .text._ZN5codal13MicroBitAudioD0Ev
                0x0001cfe0       0x14 libcodal-microbit-v2.a(MicroBitAudio.cpp.obj)
                0x0001cfe0                codal::MicroBitAudio::~MicroBitAudio()
 .text._ZN5codal15MicroBitDisplayD2Ev
                0x0001cff4       0x24 libcodal-microbit-v2.a(MicroBitDisplay.cpp.obj)
                0x0001cff4                codal::MicroBitDisplay::~MicroBitDisplay()
                0x0001cff4                codal::MicroBitDisplay::~MicroBitDisplay()
 .text._ZThn56_N5codal15MicroBitDisplayD1Ev
                0x0001d018        0x8 libcodal-microbit-v2.a(MicroBitDisplay.cpp.obj)
                0x0001d018                non-virtual thunk to codal::MicroBitDisplay::~MicroBitDisplay()
 .text._ZN5codal15MicroBitDisplayD0Ev
                0x0001d020       0x2c libcodal-microbit-v2.a(MicroBitDisplay.cpp.obj)
                0x0001d020                codal::MicroBitDisplay::~MicroBitDisplay()
 .text._ZThn56_N5codal15MicroBitDisplayD0Ev
                0x0001d04c        0x8 libcodal-microbit-v2.a(MicroBitDisplay.cpp.obj)
                0x0001d04c                non-virtual thunk to codal::MicroBitDisplay::~MicroBitDisplay()
 .text._ZN5codal15MicroBitDisplayC2ERKNS_9MatrixMapEt
                0x0001d054       0x54 libcodal-microbit-v2.a(MicroBitDisplay.cpp.obj)
                0x0001d054                codal::MicroBitDisplay::MicroBitDisplay(codal::MatrixMap const&, unsigned short)
                0x0001d054                codal::MicroBitDisplay::MicroBitDisplay(codal::MatrixMap const&, unsigned short)
 .text._ZN20MicroBitPowerManagerD2Ev
                0x0001d0a8       0x18 libcodal-microbit-v2.a(MicroBitPowerManager.cpp.obj)
                0x0001d0a8                MicroBitPowerManager::~MicroBitPowerManager()
                0x0001d0a8                MicroBitPowerManager::~MicroBitPowerManager()
 .text._ZN20MicroBitPowerManagerD0Ev
                0x0001d0c0       0x20 libcodal-microbit-v2.a(MicroBitPowerManager.cpp.obj)
                0x0001d0c0                MicroBitPowerManager::~MicroBitPowerManager()
 .text._ZN20MicroBitPowerManagerC2ERN5codal11MicroBitI2CERNS0_10MicroBitIOEt
                0x0001d0e0       0x34 libcodal-microbit-v2.a(MicroBitPowerManager.cpp.obj)
                0x0001d0e0                MicroBitPowerManager::MicroBitPowerManager(codal::MicroBitI2C&, codal::MicroBitIO&, unsigned short)
                0x0001d0e0                MicroBitPowerManager::MicroBitPowerManager(codal::MicroBitI2C&, codal::MicroBitIO&, unsigned short)
 .text._ZN20MicroBitPowerManager3nopEv
                0x0001d114       0x28 libcodal-microbit-v2.a(MicroBitPowerManager.cpp.obj)
                0x0001d114                MicroBitPowerManager::nop()
 .text._ZN20MicroBitPowerManager14sendUIPMPacketEN5codal13ManagedBufferE
                0x0001d13c       0x24 libcodal-microbit-v2.a(MicroBitPowerManager.cpp.obj)
                0x0001d13c                MicroBitPowerManager::sendUIPMPacket(codal::ManagedBuffer)
 .text._ZN20MicroBitPowerManager14recvUIPMPacketEv
                0x0001d160       0x78 libcodal-microbit-v2.a(MicroBitPowerManager.cpp.obj)
                0x0001d160                MicroBitPowerManager::recvUIPMPacket()
 .text._ZN20MicroBitPowerManager15awaitUIPMPacketEv
                0x0001d1d8       0xb8 libcodal-microbit-v2.a(MicroBitPowerManager.cpp.obj)
                0x0001d1d8                MicroBitPowerManager::awaitUIPMPacket()
 .text._ZN20MicroBitPowerManager13writePropertyEN5codal13ManagedBufferEb
                0x0001d290       0x54 libcodal-microbit-v2.a(MicroBitPowerManager.cpp.obj)
                0x0001d290                MicroBitPowerManager::writeProperty(codal::ManagedBuffer, bool)
 .text._ZN20MicroBitPowerManager12setSleepModeEb
                0x0001d2e4       0x58 libcodal-microbit-v2.a(MicroBitPowerManager.cpp.obj)
                0x0001d2e4                MicroBitPowerManager::setSleepMode(bool)
 .text._ZN20MicroBitPowerManager3offEv
                0x0001d33c       0x6c libcodal-microbit-v2.a(MicroBitPowerManager.cpp.obj)
                0x0001d33c                MicroBitPowerManager::off()
 .text._ZN20MicroBitPowerManager12idleCallbackEv
                0x0001d3a8       0xe0 libcodal-microbit-v2.a(MicroBitPowerManager.cpp.obj)
                0x0001d3a8                MicroBitPowerManager::idleCallback()
 .text._ZN20MicroBitPowerManager14awaitingPacketEb
                0x0001d488       0x18 libcodal-microbit-v2.a(MicroBitPowerManager.cpp.obj)
                0x0001d488                MicroBitPowerManager::awaitingPacket(bool)
 .text._ZN23MicroBitUSBFlashManager13getFlashStartEv
                0x0001d4a0        0x4 libcodal-microbit-v2.a(MicroBitUSBFlashManager.cpp.obj)
                0x0001d4a0                MicroBitUSBFlashManager::getFlashStart()
 .text._ZN23MicroBitUSBFlashManager12getFlashSizeEv
                0x0001d4a4        0x8 libcodal-microbit-v2.a(MicroBitUSBFlashManager.cpp.obj)
                0x0001d4a4                MicroBitUSBFlashManager::getFlashSize()
 .text._ZThn8_N23MicroBitUSBFlashManager12getFlashSizeEv
                0x0001d4ac        0x8 libcodal-microbit-v2.a(MicroBitUSBFlashManager.cpp.obj)
                0x0001d4ac                non-virtual thunk to MicroBitUSBFlashManager::getFlashSize()
 .text._ZN23MicroBitUSBFlashManagerD2Ev
                0x0001d4b4       0x30 libcodal-microbit-v2.a(MicroBitUSBFlashManager.cpp.obj)
                0x0001d4b4                MicroBitUSBFlashManager::~MicroBitUSBFlashManager()
                0x0001d4b4                MicroBitUSBFlashManager::~MicroBitUSBFlashManager()
 .text._ZN23MicroBitUSBFlashManagerD0Ev
                0x0001d4e4       0x38 libcodal-microbit-v2.a(MicroBitUSBFlashManager.cpp.obj)
                0x0001d4e4                MicroBitUSBFlashManager::~MicroBitUSBFlashManager()
 .text._ZThn8_N23MicroBitUSBFlashManager13getFlashStartEv
                0x0001d51c        0x4 libcodal-microbit-v2.a(MicroBitUSBFlashManager.cpp.obj)
                0x0001d51c                non-virtual thunk to MicroBitUSBFlashManager::getFlashStart()
 .text._ZN23MicroBitUSBFlashManagerC2ERN5codal11MicroBitI2CERNS0_10MicroBitIOER20MicroBitPowerManagert
                0x0001d520       0x48 libcodal-microbit-v2.a(MicroBitUSBFlashManager.cpp.obj)
                0x0001d520                MicroBitUSBFlashManager::MicroBitUSBFlashManager(codal::MicroBitI2C&, codal::MicroBitIO&, MicroBitPowerManager&, unsigned short)
                0x0001d520                MicroBitUSBFlashManager::MicroBitUSBFlashManager(codal::MicroBitI2C&, codal::MicroBitIO&, MicroBitPowerManager&, unsigned short)
 .text._ZN23MicroBitUSBFlashManager8transactEN5codal13ManagedBufferEi
                0x0001d568       0xc8 libcodal-microbit-v2.a(MicroBitUSBFlashManager.cpp.obj)
                0x0001d568                MicroBitUSBFlashManager::transact(codal::ManagedBuffer, int)
 .text._ZN23MicroBitUSBFlashManager4readEmm
                0x0001d630       0xa8 libcodal-microbit-v2.a(MicroBitUSBFlashManager.cpp.obj)
                0x0001d630                MicroBitUSBFlashManager::read(unsigned long, unsigned long)
 .text._ZN23MicroBitUSBFlashManager4readEPmmm
                0x0001d6d8       0x38 libcodal-microbit-v2.a(MicroBitUSBFlashManager.cpp.obj)
                0x0001d6d8                MicroBitUSBFlashManager::read(unsigned long*, unsigned long, unsigned long)
 .text._ZThn8_N23MicroBitUSBFlashManager4readEPmmm
                0x0001d710        0x8 libcodal-microbit-v2.a(MicroBitUSBFlashManager.cpp.obj)
                0x0001d710                non-virtual thunk to MicroBitUSBFlashManager::read(unsigned long*, unsigned long, unsigned long)
 .text._ZN23MicroBitUSBFlashManager5writeEmPmm
                0x0001d718       0xb0 libcodal-microbit-v2.a(MicroBitUSBFlashManager.cpp.obj)
                0x0001d718                MicroBitUSBFlashManager::write(unsigned long, unsigned long*, unsigned long)
 .text._ZThn8_N23MicroBitUSBFlashManager5writeEmPmm
                0x0001d7c8        0x8 libcodal-microbit-v2.a(MicroBitUSBFlashManager.cpp.obj)
                0x0001d7c8                non-virtual thunk to MicroBitUSBFlashManager::write(unsigned long, unsigned long*, unsigned long)
 .text._ZN23MicroBitUSBFlashManager8transactEi
                0x0001d7d0       0x48 libcodal-microbit-v2.a(MicroBitUSBFlashManager.cpp.obj)
                0x0001d7d0                MicroBitUSBFlashManager::transact(int)
 .text._ZN23MicroBitUSBFlashManager11getGeometryEv
                0x0001d818       0xac libcodal-microbit-v2.a(MicroBitUSBFlashManager.cpp.obj)
                0x0001d818                MicroBitUSBFlashManager::getGeometry()
 .text._ZN23MicroBitUSBFlashManager5eraseEmm
                0x0001d8c4      0x1b0 libcodal-microbit-v2.a(MicroBitUSBFlashManager.cpp.obj)
                0x0001d8c4                MicroBitUSBFlashManager::erase(unsigned long, unsigned long)
 .text._ZN23MicroBitUSBFlashManager5eraseEm
                0x0001da74       0x1c libcodal-microbit-v2.a(MicroBitUSBFlashManager.cpp.obj)
                0x0001da74                MicroBitUSBFlashManager::erase(unsigned long)
 .text._ZThn8_N23MicroBitUSBFlashManager5eraseEm
                0x0001da90        0x8 libcodal-microbit-v2.a(MicroBitUSBFlashManager.cpp.obj)
                0x0001da90                non-virtual thunk to MicroBitUSBFlashManager::erase(unsigned long)
 .text._ZN23MicroBitUSBFlashManager11getFlashEndEv
                0x0001da98       0x18 libcodal-microbit-v2.a(MicroBitUSBFlashManager.cpp.obj)
                0x0001da98                MicroBitUSBFlashManager::getFlashEnd()
 .text._ZThn8_N23MicroBitUSBFlashManager11getFlashEndEv
                0x0001dab0        0x8 libcodal-microbit-v2.a(MicroBitUSBFlashManager.cpp.obj)
                0x0001dab0                non-virtual thunk to MicroBitUSBFlashManager::getFlashEnd()
 .text._ZN23MicroBitUSBFlashManager11getPageSizeEv
                0x0001dab8       0x10 libcodal-microbit-v2.a(MicroBitUSBFlashManager.cpp.obj)
                0x0001dab8                MicroBitUSBFlashManager::getPageSize()
 .text._ZThn8_N23MicroBitUSBFlashManager11getPageSizeEv
                0x0001dac8        0x8 libcodal-microbit-v2.a(MicroBitUSBFlashManager.cpp.obj)
                0x0001dac8                non-virtual thunk to MicroBitUSBFlashManager::getPageSize()
 .text._ZN5codal12MixerChannel11pullRequestEv
                0x0001dad0        0xc libcodal-microbit-v2.a(Mixer2.cpp.obj)
                0x0001dad0                codal::MixerChannel::pullRequest()
 .text._ZN5codal6Mixer27connectERNS_8DataSinkE
                0x0001dadc        0xc libcodal-microbit-v2.a(Mixer2.cpp.obj)
                0x0001dadc                codal::Mixer2::connect(codal::DataSink&)
 .text._ZN5codal6Mixer29getFormatEv
                0x0001dae8        0x8 libcodal-microbit-v2.a(Mixer2.cpp.obj)
                0x0001dae8                codal::Mixer2::getFormat()
 .text._ZN5codal6Mixer29setFormatEi
                0x0001daf0       0x1c libcodal-microbit-v2.a(Mixer2.cpp.obj)
                0x0001daf0                codal::Mixer2::setFormat(int)
 .text._ZN5codal12MixerChannelD2Ev
                0x0001db0c       0x18 libcodal-microbit-v2.a(Mixer2.cpp.obj)
                0x0001db0c                codal::MixerChannel::~MixerChannel()
                0x0001db0c                codal::MixerChannel::~MixerChannel()
 .text._ZN5codal12MixerChannelD0Ev
                0x0001db24       0x1c libcodal-microbit-v2.a(Mixer2.cpp.obj)
                0x0001db24                codal::MixerChannel::~MixerChannel()
 .text._ZN5codal6Mixer2C2Eiii
                0x0001db40       0x64 libcodal-microbit-v2.a(Mixer2.cpp.obj)
                0x0001db40                codal::Mixer2::Mixer2(int, int, int)
                0x0001db40                codal::Mixer2::Mixer2(int, int, int)
 .text._ZN5codal6Mixer2D2Ev
                0x0001dba4       0x54 libcodal-microbit-v2.a(Mixer2.cpp.obj)
                0x0001dba4                codal::Mixer2::~Mixer2()
                0x0001dba4                codal::Mixer2::~Mixer2()
 .text._ZN5codal6Mixer216configureChannelEPNS_12MixerChannelE
                0x0001dbf8       0x68 libcodal-microbit-v2.a(Mixer2.cpp.obj)
                0x0001dbf8                codal::Mixer2::configureChannel(codal::MixerChannel*)
 .text._ZN5codal6Mixer24pullEv
                0x0001dc60      0x2b4 libcodal-microbit-v2.a(Mixer2.cpp.obj)
                0x0001dc60                codal::Mixer2::pull()
 .text._ZN5codal6Mixer210addChannelERNS_10DataSourceEii
                0x0001df14       0x80 libcodal-microbit-v2.a(Mixer2.cpp.obj)
                0x0001df14                codal::Mixer2::addChannel(codal::DataSource&, int, int)
 .text._ZN5codal6Mixer214setSampleRangeEt
                0x0001df94       0x14 libcodal-microbit-v2.a(Mixer2.cpp.obj)
                0x0001df94                codal::Mixer2::setSampleRange(unsigned short)
 .text._ZN5codal6Mixer29setOrMaskEm
                0x0001dfa8        0x8 libcodal-microbit-v2.a(Mixer2.cpp.obj)
                0x0001dfa8                codal::Mixer2::setOrMask(unsigned long)
 .text.sd_flash_write
                0x0001dfb0        0x4 libcodal-microbit-v2.a(NRF52FlashManager.cpp.obj)
 .text.sd_flash_page_erase
                0x0001dfb4        0x4 libcodal-microbit-v2.a(NRF52FlashManager.cpp.obj)
 .text.sd_softdevice_is_enabled
                0x0001dfb8        0x4 libcodal-microbit-v2.a(NRF52FlashManager.cpp.obj)
 .text._ZL18nvmc_event_handlermPv
                0x0001dfbc       0x10 libcodal-microbit-v2.a(NRF52FlashManager.cpp.obj)
 .text._ZN5codal17NRF52FlashManager13getFlashStartEv
                0x0001dfcc        0x4 libcodal-microbit-v2.a(NRF52FlashManager.cpp.obj)
                0x0001dfcc                codal::NRF52FlashManager::getFlashStart()
 .text._ZN5codal17NRF52FlashManager11getPageSizeEv
                0x0001dfd0        0x4 libcodal-microbit-v2.a(NRF52FlashManager.cpp.obj)
                0x0001dfd0                codal::NRF52FlashManager::getPageSize()
 .text._ZN5codal17NRF52FlashManager12getFlashSizeEv
                0x0001dfd4        0xc libcodal-microbit-v2.a(NRF52FlashManager.cpp.obj)
                0x0001dfd4                codal::NRF52FlashManager::getFlashSize()
 .text._ZN5codal17NRF52FlashManager4readEPmmm
                0x0001dfe0       0x14 libcodal-microbit-v2.a(NRF52FlashManager.cpp.obj)
                0x0001dfe0                codal::NRF52FlashManager::read(unsigned long*, unsigned long, unsigned long)
 .text._ZN5codal17NRF52FlashManager5writeEmPmm
                0x0001dff4       0xa4 libcodal-microbit-v2.a(NRF52FlashManager.cpp.obj)
                0x0001dff4                codal::NRF52FlashManager::write(unsigned long, unsigned long*, unsigned long)
 .text._ZN5codal17NRF52FlashManager5eraseEm
                0x0001e098       0x84 libcodal-microbit-v2.a(NRF52FlashManager.cpp.obj)
                0x0001e098                codal::NRF52FlashManager::erase(unsigned long)
 .text._ZN5codal17NRF52FlashManager11getFlashEndEv
                0x0001e11c       0x1c libcodal-microbit-v2.a(NRF52FlashManager.cpp.obj)
                0x0001e11c                codal::NRF52FlashManager::getFlashEnd()
 .text._ZN5codal17NRF52FlashManagerC2Emmm
                0x0001e138       0x14 libcodal-microbit-v2.a(NRF52FlashManager.cpp.obj)
                0x0001e138                codal::NRF52FlashManager::NRF52FlashManager(unsigned long, unsigned long, unsigned long)
                0x0001e138                codal::NRF52FlashManager::NRF52FlashManager(unsigned long, unsigned long, unsigned long)
 .text._ZN5codal17NRF52FlashManagerD2Ev
                0x0001e14c        0x4 libcodal-microbit-v2.a(NRF52FlashManager.cpp.obj)
                0x0001e14c                codal::NRF52FlashManager::~NRF52FlashManager()
                0x0001e14c                codal::NRF52FlashManager::~NRF52FlashManager()
 .text._ZN5codal3Pin15setDigitalValueEi
                0x0001e150        0x8 libcodal-microbit-v2.a(NRF52LedMatrix.cpp.obj)
                0x0001e150                codal::Pin::setDigitalValue(int)
 .text._ZN5codal3Pin15getDigitalValueEv
                0x0001e158        0x8 libcodal-microbit-v2.a(NRF52LedMatrix.cpp.obj)
                0x0001e158                codal::Pin::getDigitalValue()
 .text._ZN5codal3Pin7setPullENS_8PullModeE
                0x0001e160        0x8 libcodal-microbit-v2.a(NRF52LedMatrix.cpp.obj)
                0x0001e160                codal::Pin::setPull(codal::PullMode)
 .text._ZN5codal14NRF52LEDMatrixD2Ev
                0x0001e168       0x1c libcodal-microbit-v2.a(NRF52LedMatrix.cpp.obj)
                0x0001e168                codal::NRF52LEDMatrix::~NRF52LEDMatrix()
                0x0001e168                codal::NRF52LEDMatrix::~NRF52LEDMatrix()
 .text._ZN5codal14NRF52LEDMatrixD0Ev
                0x0001e184       0x24 libcodal-microbit-v2.a(NRF52LedMatrix.cpp.obj)
                0x0001e184                codal::NRF52LEDMatrix::~NRF52LEDMatrix()
 .text._ZN5codal14NRF52LEDMatrix8setSleepEb
                0x0001e1a8       0x2c libcodal-microbit-v2.a(NRF52LedMatrix.cpp.obj)
                0x0001e1a8                codal::NRF52LEDMatrix::setSleep(bool)
 .text._ZN5codal3Pin15getDigitalValueENS_8PullModeE
                0x0001e1d4       0x38 libcodal-microbit-v2.a(NRF52LedMatrix.cpp.obj)
                0x0001e1d4                codal::Pin::getDigitalValue(codal::PullMode)
 .text._ZN5codal14NRF52LEDMatrix7disableEv
                0x0001e20c       0xa4 libcodal-microbit-v2.a(NRF52LedMatrix.cpp.obj)
                0x0001e20c                codal::NRF52LEDMatrix::disable()
 .text._ZN5codal14NRF52LEDMatrix14setDisplayModeENS_11DisplayModeE
                0x0001e2b0      0x120 libcodal-microbit-v2.a(NRF52LedMatrix.cpp.obj)
                0x0001e2b0                codal::NRF52LEDMatrix::setDisplayMode(codal::DisplayMode)
 .text._ZN5codal14NRF52LEDMatrix6enableEv.part.0
                0x0001e3d0       0xe4 libcodal-microbit-v2.a(NRF52LedMatrix.cpp.obj)
 .text._ZN5codal14NRF52LEDMatrix6enableEv
                0x0001e4b4        0xc libcodal-microbit-v2.a(NRF52LedMatrix.cpp.obj)
                0x0001e4b4                codal::NRF52LEDMatrix::enable()
 .text._ZN5codal14NRF52LEDMatrixC2ERNS_16NRFLowLevelTimerERKNS_9MatrixMapEtNS_11DisplayModeE
                0x0001e4c0       0x78 libcodal-microbit-v2.a(NRF52LedMatrix.cpp.obj)
                0x0001e4c0                codal::NRF52LEDMatrix::NRF52LEDMatrix(codal::NRFLowLevelTimer&, codal::MatrixMap const&, unsigned short, codal::DisplayMode)
                0x0001e4c0                codal::NRF52LEDMatrix::NRF52LEDMatrix(codal::NRFLowLevelTimer&, codal::MatrixMap const&, unsigned short, codal::DisplayMode)
 .text._ZN5codal14NRF52LEDMatrix6renderEv
                0x0001e538      0x24c libcodal-microbit-v2.a(NRF52LedMatrix.cpp.obj)
                0x0001e538                codal::NRF52LEDMatrix::render()
 .text._ZL11display_irqt
                0x0001e784       0x10 libcodal-microbit-v2.a(NRF52LedMatrix.cpp.obj)
 .text._ZN5codal14NRF52LEDMatrix5clearEv
                0x0001e794        0x8 libcodal-microbit-v2.a(NRF52LedMatrix.cpp.obj)
                0x0001e794                codal::NRF52LEDMatrix::clear()
 .text._ZN5codal14NRF52LEDMatrix13setBrightnessEi
                0x0001e79c       0x24 libcodal-microbit-v2.a(NRF52LedMatrix.cpp.obj)
                0x0001e79c                codal::NRF52LEDMatrix::setBrightness(int)
 .text._ZN5codal21SoundEmojiSynthesizer7connectERNS_8DataSinkE
                0x0001e7c0        0x4 libcodal-microbit-v2.a(SoundEmojiSynthesizer.cpp.obj)
                0x0001e7c0                codal::SoundEmojiSynthesizer::connect(codal::DataSink&)
 .text._ZN5codal21SoundEmojiSynthesizer9getFormatEv
                0x0001e7c4        0x4 libcodal-microbit-v2.a(SoundEmojiSynthesizer.cpp.obj)
                0x0001e7c4                codal::SoundEmojiSynthesizer::getFormat()
 .text._ZN5codal21SoundEmojiSynthesizerD2Ev
                0x0001e7c8       0x40 libcodal-microbit-v2.a(SoundEmojiSynthesizer.cpp.obj)
                0x0001e7c8                codal::SoundEmojiSynthesizer::~SoundEmojiSynthesizer()
                0x0001e7c8                codal::SoundEmojiSynthesizer::~SoundEmojiSynthesizer()
 .text._ZThn4_N5codal21SoundEmojiSynthesizerD1Ev
                0x0001e808        0x8 libcodal-microbit-v2.a(SoundEmojiSynthesizer.cpp.obj)
                0x0001e808                non-virtual thunk to codal::SoundEmojiSynthesizer::~SoundEmojiSynthesizer()
 .text._ZN5codal21SoundEmojiSynthesizerD0Ev
                0x0001e810       0x14 libcodal-microbit-v2.a(SoundEmojiSynthesizer.cpp.obj)
                0x0001e810                codal::SoundEmojiSynthesizer::~SoundEmojiSynthesizer()
 .text._ZThn4_N5codal21SoundEmojiSynthesizerD0Ev
                0x0001e824        0x8 libcodal-microbit-v2.a(SoundEmojiSynthesizer.cpp.obj)
                0x0001e824                non-virtual thunk to codal::SoundEmojiSynthesizer::~SoundEmojiSynthesizer()
 .text._ZN5codal21SoundEmojiSynthesizerC2Eti
                0x0001e82c       0x7c libcodal-microbit-v2.a(SoundEmojiSynthesizer.cpp.obj)
                0x0001e82c                codal::SoundEmojiSynthesizer::SoundEmojiSynthesizer(unsigned short, int)
                0x0001e82c                codal::SoundEmojiSynthesizer::SoundEmojiSynthesizer(unsigned short, int)
 .text._ZN5codal21SoundEmojiSynthesizer4stopEv
                0x0001e8a8       0x10 libcodal-microbit-v2.a(SoundEmojiSynthesizer.cpp.obj)
                0x0001e8a8                codal::SoundEmojiSynthesizer::stop()
 .text._ZN5codal21SoundEmojiSynthesizer15nextSoundEffectEv
                0x0001e8b8       0xec libcodal-microbit-v2.a(SoundEmojiSynthesizer.cpp.obj)
                0x0001e8b8                codal::SoundEmojiSynthesizer::nextSoundEffect()
 .text._ZN5codal21SoundEmojiSynthesizer4playENS_13ManagedBufferE
                0x0001e9a4       0x50 libcodal-microbit-v2.a(SoundEmojiSynthesizer.cpp.obj)
                0x0001e9a4                codal::SoundEmojiSynthesizer::play(codal::ManagedBuffer)
 .text._ZN5codal21SoundEmojiSynthesizer4pullEv
                0x0001e9f4      0x2d4 libcodal-microbit-v2.a(SoundEmojiSynthesizer.cpp.obj)
                0x0001e9f4                codal::SoundEmojiSynthesizer::pull()
 .text._ZN5codal21SoundEmojiSynthesizer17allowEmptyBuffersEb
                0x0001ecc8       0x18 libcodal-microbit-v2.a(SoundEmojiSynthesizer.cpp.obj)
                0x0001ecc8                codal::SoundEmojiSynthesizer::allowEmptyBuffers(bool)
 .text._ZN5codal16SoundExpressionsC2ERNS_21SoundEmojiSynthesizerE
                0x0001ece0        0x4 libcodal-microbit-v2.a(SoundExpressions.cpp.obj)
                0x0001ece0                codal::SoundExpressions::SoundExpressions(codal::SoundEmojiSynthesizer&)
                0x0001ece0                codal::SoundExpressions::SoundExpressions(codal::SoundEmojiSynthesizer&)
 .text._ZN5codal16SoundExpressionsD2Ev
                0x0001ece4        0x4 libcodal-microbit-v2.a(SoundExpressions.cpp.obj)
                0x0001ece4                codal::SoundExpressions::~SoundExpressions()
                0x0001ece4                codal::SoundExpressions::~SoundExpressions()
 .text.startup._GLOBAL__sub_I__ZN5codal16SoundExpressionsC2ERNS_21SoundEmojiSynthesizerE
                0x0001ece8      0x244 libcodal-microbit-v2.a(SoundExpressions.cpp.obj)
 .text._ZN5codal3Pin14setAnalogValueEi
                0x0001ef2c        0x8 libcodal-microbit-v2.a(SoundOutputPin.cpp.obj)
                0x0001ef2c                codal::Pin::setAnalogValue(int)
 .text._ZN5codal3Pin13setServoValueEiii
                0x0001ef34        0x8 libcodal-microbit-v2.a(SoundOutputPin.cpp.obj)
                0x0001ef34                codal::Pin::setServoValue(int, int, int)
 .text._ZN5codal3Pin14getAnalogValueEv
                0x0001ef3c        0x8 libcodal-microbit-v2.a(SoundOutputPin.cpp.obj)
                0x0001ef3c                codal::Pin::getAnalogValue()
 .text._ZN5codal3Pin7isInputEv
                0x0001ef44       0x10 libcodal-microbit-v2.a(SoundOutputPin.cpp.obj)
                0x0001ef44                codal::Pin::isInput()
 .text._ZN5codal3Pin8isOutputEv
                0x0001ef54       0x10 libcodal-microbit-v2.a(SoundOutputPin.cpp.obj)
                0x0001ef54                codal::Pin::isOutput()
 .text._ZN5codal3Pin9isDigitalEv
                0x0001ef64        0xc libcodal-microbit-v2.a(SoundOutputPin.cpp.obj)
                0x0001ef64                codal::Pin::isDigital()
 .text._ZN5codal3Pin8isAnalogEv
                0x0001ef70       0x10 libcodal-microbit-v2.a(SoundOutputPin.cpp.obj)
                0x0001ef70                codal::Pin::isAnalog()
 .text._ZN5codal3Pin9isTouchedEv
                0x0001ef80        0x8 libcodal-microbit-v2.a(SoundOutputPin.cpp.obj)
                0x0001ef80                codal::Pin::isTouched()
 .text._ZN5codal3Pin15setServoPulseUsEm
                0x0001ef88        0x8 libcodal-microbit-v2.a(SoundOutputPin.cpp.obj)
                0x0001ef88                codal::Pin::setServoPulseUs(unsigned long)
 .text._ZN5codal3Pin15setAnalogPeriodEi
                0x0001ef90       0x10 libcodal-microbit-v2.a(SoundOutputPin.cpp.obj)
                0x0001ef90                codal::Pin::setAnalogPeriod(int)
 .text._ZN5codal3Pin17setAnalogPeriodUsEm
                0x0001efa0        0x8 libcodal-microbit-v2.a(SoundOutputPin.cpp.obj)
                0x0001efa0                codal::Pin::setAnalogPeriodUs(unsigned long)
 .text._ZN5codal3Pin17getAnalogPeriodUsEv
                0x0001efa8        0x8 libcodal-microbit-v2.a(SoundOutputPin.cpp.obj)
                0x0001efa8                codal::Pin::getAnalogPeriodUs()
 .text._ZN5codal3Pin15getAnalogPeriodEv
                0x0001efb0       0x18 libcodal-microbit-v2.a(SoundOutputPin.cpp.obj)
                0x0001efb0                codal::Pin::getAnalogPeriod()
 .text._ZN5codal3Pin8drainPinEv
                0x0001efc8        0x8 libcodal-microbit-v2.a(SoundOutputPin.cpp.obj)
                0x0001efc8                codal::Pin::drainPin()
 .text._ZN5codal3Pin6setIRQEPFviE
                0x0001efd0        0x8 libcodal-microbit-v2.a(SoundOutputPin.cpp.obj)
                0x0001efd0                codal::Pin::setIRQ(void (*)(int))
 .text._ZN5codal3Pin10getPulseUsEi
                0x0001efd8        0x8 libcodal-microbit-v2.a(SoundOutputPin.cpp.obj)
                0x0001efd8                codal::Pin::getPulseUs(int)
 .text._ZN5codal3Pin7eventOnEi
                0x0001efe0        0x8 libcodal-microbit-v2.a(SoundOutputPin.cpp.obj)
                0x0001efe0                codal::Pin::eventOn(int)
 .text._ZN5codal3Pin10disconnectEv
                0x0001efe8        0x4 libcodal-microbit-v2.a(SoundOutputPin.cpp.obj)
                0x0001efe8                codal::Pin::disconnect()
 .text._ZN5codal3PinD2Ev
                0x0001efec        0x4 libcodal-microbit-v2.a(SoundOutputPin.cpp.obj)
                0x0001efec                codal::Pin::~Pin()
                0x0001efec                codal::Pin::~Pin()
 .text._ZN5codal14SoundOutputPin14getAnalogValueEv
                0x0001eff0        0x8 libcodal-microbit-v2.a(SoundOutputPin.cpp.obj)
                0x0001eff0                codal::SoundOutputPin::getAnalogValue()
 .text._ZN5codal14SoundOutputPin17getAnalogPeriodUsEv
                0x0001eff8        0x8 libcodal-microbit-v2.a(SoundOutputPin.cpp.obj)
                0x0001eff8                codal::SoundOutputPin::getAnalogPeriodUs()
 .text._ZN5codal3PinD0Ev
                0x0001f000        0xc libcodal-microbit-v2.a(SoundOutputPin.cpp.obj)
                0x0001f000                codal::Pin::~Pin()
 .text._ZN5codal14SoundOutputPin12idleCallbackEv
                0x0001f00c       0x8c libcodal-microbit-v2.a(SoundOutputPin.cpp.obj)
                0x0001f00c                codal::SoundOutputPin::idleCallback()
 .text._ZThn20_N5codal14SoundOutputPin12idleCallbackEv
                0x0001f098        0x8 libcodal-microbit-v2.a(SoundOutputPin.cpp.obj)
                0x0001f098                non-virtual thunk to codal::SoundOutputPin::idleCallback()
 .text._ZN5codal3Pin21getAndSetDigitalValueEi
                0x0001f0a0       0x68 libcodal-microbit-v2.a(SoundOutputPin.cpp.obj)
                0x0001f0a0                codal::Pin::getAndSetDigitalValue(int)
 .text._ZN5codal14SoundOutputPin15getAnalogPeriodEv
                0x0001f108       0x30 libcodal-microbit-v2.a(SoundOutputPin.cpp.obj)
                0x0001f108                codal::SoundOutputPin::getAnalogPeriod()
 .text._ZN5codal14SoundOutputPinC2ERNS_6Mixer2Ei
                0x0001f138       0x88 libcodal-microbit-v2.a(SoundOutputPin.cpp.obj)
                0x0001f138                codal::SoundOutputPin::SoundOutputPin(codal::Mixer2&, int)
                0x0001f138                codal::SoundOutputPin::SoundOutputPin(codal::Mixer2&, int)
 .text._ZN5codal14SoundOutputPin6updateEv
                0x0001f1c0       0xd8 libcodal-microbit-v2.a(SoundOutputPin.cpp.obj)
                0x0001f1c0                codal::SoundOutputPin::update()
 .text._ZN5codal14SoundOutputPin14setAnalogValueEi
                0x0001f298       0x2c libcodal-microbit-v2.a(SoundOutputPin.cpp.obj)
                0x0001f298                codal::SoundOutputPin::setAnalogValue(int)
 .text._ZN5codal14SoundOutputPin17setAnalogPeriodUsEm
                0x0001f2c4       0x10 libcodal-microbit-v2.a(SoundOutputPin.cpp.obj)
                0x0001f2c4                codal::SoundOutputPin::setAnalogPeriodUs(unsigned long)
 .text._ZN5codal14SoundOutputPin15setAnalogPeriodEi
                0x0001f2d4       0x2c libcodal-microbit-v2.a(SoundOutputPin.cpp.obj)
                0x0001f2d4                codal::SoundOutputPin::setAnalogPeriod(int)
 .text._ZN5codal14SoundOutputPinD2Ev
                0x0001f300       0x7c libcodal-microbit-v2.a(SoundOutputPin.cpp.obj)
                0x0001f300                codal::SoundOutputPin::~SoundOutputPin()
                0x0001f300                codal::SoundOutputPin::~SoundOutputPin()
                0x0001f33c                non-virtual thunk to codal::SoundOutputPin::~SoundOutputPin()
 .text._ZN5codal14SoundOutputPinD0Ev
                0x0001f37c       0x84 libcodal-microbit-v2.a(SoundOutputPin.cpp.obj)
                0x0001f37c                non-virtual thunk to codal::SoundOutputPin::~SoundOutputPin()
                0x0001f3c0                codal::SoundOutputPin::~SoundOutputPin()
 .text.sd_ble_gap_adv_start
                0x0001f400        0x4 libcodal-microbit-v2.a(MicroBitBLEManager.cpp.obj)
 .text.sd_ble_gap_adv_stop
                0x0001f404        0x4 libcodal-microbit-v2.a(MicroBitBLEManager.cpp.obj)
 .text.sd_ble_gap_disconnect
                0x0001f408        0x4 libcodal-microbit-v2.a(MicroBitBLEManager.cpp.obj)
 .text.sd_ble_gap_tx_power_set
                0x0001f40c        0x4 libcodal-microbit-v2.a(MicroBitBLEManager.cpp.obj)
 .text.sd_ble_gap_phy_update
                0x0001f410        0x4 libcodal-microbit-v2.a(MicroBitBLEManager.cpp.obj)
 .text._ZL42microbit_ble_for_each_connected_disconnecttPv
                0x0001f414        0x8 libcodal-microbit-v2.a(MicroBitBLEManager.cpp.obj)
 .text._ZN18MicroBitBLEManagerD2Ev
                0x0001f41c       0x30 libcodal-microbit-v2.a(MicroBitBLEManager.cpp.obj)
                0x0001f41c                MicroBitBLEManager::~MicroBitBLEManager()
                0x0001f41c                MicroBitBLEManager::~MicroBitBLEManager()
 .text._ZN18MicroBitBLEManager12idleCallbackEv
                0x0001f44c       0x58 libcodal-microbit-v2.a(MicroBitBLEManager.cpp.obj)
                0x0001f44c                MicroBitBLEManager::idleCallback()
 .text._ZN18MicroBitBLEManagerD0Ev
                0x0001f4a4       0x38 libcodal-microbit-v2.a(MicroBitBLEManager.cpp.obj)
                0x0001f4a4                MicroBitBLEManager::~MicroBitBLEManager()
 .text._ZN18MicroBitBLEManagerC2Ev
                0x0001f4dc       0x48 libcodal-microbit-v2.a(MicroBitBLEManager.cpp.obj)
                0x0001f4dc                MicroBitBLEManager::MicroBitBLEManager()
                0x0001f4dc                MicroBitBLEManager::MicroBitBLEManager()
 .text._ZN18MicroBitBLEManager15pairingCompleteEi
                0x0001f524       0x14 libcodal-microbit-v2.a(MicroBitBLEManager.cpp.obj)
                0x0001f524                MicroBitBLEManager::pairingComplete(int)
 .text._ZN18MicroBitBLEManager15pairingCompleteEi.part.0
                0x0001f538       0x70 libcodal-microbit-v2.a(MicroBitBLEManager.cpp.obj)
 .text._ZN18MicroBitBLEManager12onDisconnectEv
                0x0001f5a8       0x38 libcodal-microbit-v2.a(MicroBitBLEManager.cpp.obj)
                0x0001f5a8                MicroBitBLEManager::onDisconnect()
 .text._ZL24microbit_ble_evt_handlerPK9ble_evt_tPv
                0x0001f5e0      0x110 libcodal-microbit-v2.a(MicroBitBLEManager.cpp.obj)
 .text._ZN18MicroBitBLEManager18prepareForShutdownEv
                0x0001f6f0       0x54 libcodal-microbit-v2.a(MicroBitBLEManager.cpp.obj)
                0x0001f6f0                MicroBitBLEManager::prepareForShutdown()
 .text._ZL29microbit_ble_shutdown_handler18nrf_pwr_mgmt_evt_t
                0x0001f744       0x30 libcodal-microbit-v2.a(MicroBitBLEManager.cpp.obj)
 .text._ZL28microbit_ble_sdh_req_handler17nrf_sdh_req_evt_tPv
                0x0001f774       0x44 libcodal-microbit-v2.a(MicroBitBLEManager.cpp.obj)
 .text._ZN5codal11CodalDevice10getVersionEv
                0x0001f7b8        0x8 libcodal-microbit-v2.a(MicroBit.cpp.obj)
                0x0001f7b8                codal::CodalDevice::getVersion()
 .text._ZN5codal8MicroBit12idleCallbackEv
                0x0001f7c0        0x4 libcodal-microbit-v2.a(MicroBit.cpp.obj)
                0x0001f7c0                codal::MicroBit::idleCallback()
 .text._ZN5codal8MicroBit5sleepEm
                0x0001f7c4        0x8 libcodal-microbit-v2.a(MicroBit.cpp.obj)
                0x0001f7c4                codal::MicroBit::sleep(unsigned long)
 .text._ZN5codal22MemberFunctionCallback10methodCallINS_8MicroBitEEEvPvPmNS_5EventE
                0x0001f7cc       0x4c libcodal-microbit-v2.a(MicroBit.cpp.obj)
                0x0001f7cc                void codal::MemberFunctionCallback::methodCall<codal::MicroBit>(void*, unsigned long*, codal::Event)
 .text._ZN5codal8MicroBit27onP0ListenerRegisteredEventENS_5EventE
                0x0001f818       0x14 libcodal-microbit-v2.a(MicroBit.cpp.obj)
                0x0001f818                codal::MicroBit::onP0ListenerRegisteredEvent(codal::Event)
 .text._ZN5codal11CodalDevice5panicEi
                0x0001f82c        0x8 libcodal-microbit-v2.a(MicroBit.cpp.obj)
                0x0001f82c                codal::CodalDevice::panic(int)
 .text._ZN5codal11CodalDevice15getSerialNumberEv
                0x0001f834        0x4 libcodal-microbit-v2.a(MicroBit.cpp.obj)
                0x0001f834                codal::CodalDevice::getSerialNumber()
 .text._ZN5codal11CodalDevice4waitEm
                0x0001f838        0x8 libcodal-microbit-v2.a(MicroBit.cpp.obj)
                0x0001f838                codal::CodalDevice::wait(unsigned long)
 .text._ZN5codal11CodalDevice5resetEv
                0x0001f840        0x4 libcodal-microbit-v2.a(MicroBit.cpp.obj)
                0x0001f840                codal::CodalDevice::reset()
 .text._ZN5codal8MicroBit25onListenerRegisteredEventENS_5EventE
                0x0001f844       0x74 libcodal-microbit-v2.a(MicroBit.cpp.obj)
                0x0001f844                codal::MicroBit::onListenerRegisteredEvent(codal::Event)
 .text._ZThn4_N5codal8MicroBit12idleCallbackEv
                0x0001f8b8        0x4 libcodal-microbit-v2.a(MicroBit.cpp.obj)
                0x0001f8b8                non-virtual thunk to codal::MicroBit::idleCallback()
 .text._ZN5codal10EventModel6listenINS_8MicroBitEEEittPT_MS3_FvNS_5EventEEt
                0x0001f8bc       0xa8 libcodal-microbit-v2.a(MicroBit.cpp.obj)
                0x0001f8bc                int codal::EventModel::listen<codal::MicroBit>(unsigned short, unsigned short, codal::MicroBit*, void (codal::MicroBit::*)(codal::Event), unsigned short)
 .text._ZN5codal8MicroBit4initEv
                0x0001f964       0xfc libcodal-microbit-v2.a(MicroBit.cpp.obj)
                0x0001f964                codal::MicroBit::init()
 .text._ZThn4_N5codal8MicroBit4initEv
                0x0001fa60        0x8 libcodal-microbit-v2.a(MicroBit.cpp.obj)
                0x0001fa60                non-virtual thunk to codal::MicroBit::init()
 .text._ZN5codal8MicroBitC2Ev
                0x0001fa68      0x2c8 libcodal-microbit-v2.a(MicroBit.cpp.obj)
                0x0001fa68                codal::MicroBit::MicroBit()
                0x0001fa68                codal::MicroBit::MicroBit()
 .text._ZN5codal10MicroBitIOD2Ev
                0x0001fd30       0x28 libcodal-microbit-v2.a(MicroBitIO.cpp.obj)
                0x0001fd30                codal::MicroBitIO::~MicroBitIO()
                0x0001fd30                codal::MicroBitIO::~MicroBitIO()
 .text._ZN5codal10MicroBitIOD0Ev
                0x0001fd58       0x30 libcodal-microbit-v2.a(MicroBitIO.cpp.obj)
                0x0001fd58                codal::MicroBitIO::~MicroBitIO()
 .text._ZN5codal10MicroBitIO8setSleepEb
                0x0001fd88       0xd8 libcodal-microbit-v2.a(MicroBitIO.cpp.obj)
                0x0001fd88                codal::MicroBitIO::setSleep(bool)
 .text._ZN5codal10MicroBitIOC2ER8NRF52ADCRNS_11TouchSensorE
                0x0001fe60      0x26c libcodal-microbit-v2.a(MicroBitIO.cpp.obj)
                0x0001fe60                codal::MicroBitIO::MicroBitIO(NRF52ADC&, codal::TouchSensor&)
                0x0001fe60                codal::MicroBitIO::MicroBitIO(NRF52ADC&, codal::TouchSensor&)
 .text._ZN5codal8NRF52PinD2Ev
                0x000200cc        0x4 libcodal-microbit-v2.a(MicroBitAccelerometer.cpp.obj)
                0x000200cc                codal::NRF52Pin::~NRF52Pin()
                0x000200cc                codal::NRF52Pin::~NRF52Pin()
 .text._ZN21MicroBitAccelerometer10autoDetectERN5codal11MicroBitI2CE
                0x000200d0      0x190 libcodal-microbit-v2.a(MicroBitAccelerometer.cpp.obj)
                0x000200d0                MicroBitAccelerometer::autoDetect(codal::MicroBitI2C&)
 .text._ZN5codal8NRF52PinD0Ev
                0x00020260        0xc libcodal-microbit-v2.a(MicroBitAccelerometer.cpp.obj)
                0x00020260                codal::NRF52Pin::~NRF52Pin()
 .text._ZN15MicroBitCompass10autoDetectERN5codal11MicroBitI2CE
                0x0002026c       0x48 libcodal-microbit-v2.a(MicroBitCompass.cpp.obj)
                0x0002026c                MicroBitCompass::autoDetect(codal::MicroBitI2C&)
 .text._ZN5codal10EventModel3addEPNS_8ListenerE
                0x000202b4        0x8 libcodal-microbit-v2.a(MicroBitCompassCalibrator.cpp.obj)
                0x000202b4                codal::EventModel::add(codal::Listener*)
 .text._ZN5codal22MemberFunctionCallback10methodCallINS_25MicroBitCompassCalibratorEEEvPvPmNS_5EventE
                0x000202bc       0x4c libcodal-microbit-v2.a(MicroBitCompassCalibrator.cpp.obj)
                0x000202bc                void codal::MemberFunctionCallback::methodCall<codal::MicroBitCompassCalibrator>(void*, unsigned long*, codal::Event)
 .text._ZN5codal25MicroBitCompassCalibrator12measureScoreERNS_8Sample3DEPS1_i
                0x00020308       0xb8 libcodal-microbit-v2.a(MicroBitCompassCalibrator.cpp.obj)
                0x00020308                codal::MicroBitCompassCalibrator::measureScore(codal::Sample3D&, codal::Sample3D*, int)
 .text._ZN5codal25MicroBitCompassCalibrator8spherifyENS_8Sample3DEPS1_i
                0x000203c0      0x224 libcodal-microbit-v2.a(MicroBitCompassCalibrator.cpp.obj)
                0x000203c0                codal::MicroBitCompassCalibrator::spherify(codal::Sample3D, codal::Sample3D*, int)
 .text._ZN5codal25MicroBitCompassCalibrator17approximateCentreEPNS_8Sample3DEi
                0x000205e4      0x120 libcodal-microbit-v2.a(MicroBitCompassCalibrator.cpp.obj)
                0x000205e4                codal::MicroBitCompassCalibrator::approximateCentre(codal::Sample3D*, int)
 .text._ZN5codal25MicroBitCompassCalibrator9calibrateEPNS_8Sample3DEi
                0x00020704       0x28 libcodal-microbit-v2.a(MicroBitCompassCalibrator.cpp.obj)
                0x00020704                codal::MicroBitCompassCalibrator::calibrate(codal::Sample3D*, int)
 .text._ZN5codal25MicroBitCompassCalibrator11calibrateUXENS_5EventE
                0x0002072c      0x33c libcodal-microbit-v2.a(MicroBitCompassCalibrator.cpp.obj)
                0x0002072c                codal::MicroBitCompassCalibrator::calibrateUX(codal::Event)
 .text._ZN5codal10EventModel6listenINS_25MicroBitCompassCalibratorEEEittPT_MS3_FvNS_5EventEEt
                0x00020a68       0xb8 libcodal-microbit-v2.a(MicroBitCompassCalibrator.cpp.obj)
                0x00020a68                int codal::EventModel::listen<codal::MicroBitCompassCalibrator>(unsigned short, unsigned short, codal::MicroBitCompassCalibrator*, void (codal::MicroBitCompassCalibrator::*)(codal::Event), unsigned short)
 .text._ZN5codal25MicroBitCompassCalibratorC2ERNS_7CompassERNS_13AccelerometerERNS_15MicroBitDisplayERNS_15KeyValueStorageE
                0x00020b20       0x88 libcodal-microbit-v2.a(MicroBitCompassCalibrator.cpp.obj)
                0x00020b20                codal::MicroBitCompassCalibrator::MicroBitCompassCalibrator(codal::Compass&, codal::Accelerometer&, codal::MicroBitDisplay&, codal::KeyValueStorage&)
                0x00020b20                codal::MicroBitCompassCalibrator::MicroBitCompassCalibrator(codal::Compass&, codal::Accelerometer&, codal::MicroBitDisplay&, codal::KeyValueStorage&)
 .text._ZN5codal24fiber_add_idle_componentEPNS_14CodalComponentE
                0x00020ba8        0xc libcodal-microbit-v2.a(MicroBitCompat.cpp.obj)
                0x00020ba8                codal::fiber_add_idle_component(codal::CodalComponent*)
 .text._ZN5codal5htonlEm
                0x00020bb4       0x20 libcodal-microbit-v2.a(MicroBitCompat.cpp.obj)
                0x00020bb4                codal::htonl(unsigned long)
 .text._ZN5codal5htonsEt
                0x00020bd4        0xc libcodal-microbit-v2.a(MicroBitCompat.cpp.obj)
                0x00020bd4                codal::htons(unsigned short)
 .text.__NVIC_SystemReset
                0x00020be0       0x24 libcodal-microbit-v2.a(MicroBitDevice.cpp.obj)
 .text.sd_softdevice_is_enabled
                0x00020c04        0x4 libcodal-microbit-v2.a(MicroBitDevice.cpp.obj)
 .text._ZN5codal14MicroBitDevice10seedRandomEm
                0x00020c08        0xc libcodal-microbit-v2.a(MicroBitDevice.cpp.obj)
                0x00020c08                codal::MicroBitDevice::seedRandom(unsigned long)
 .text._ZN5codal14MicroBitDeviceC2Ev
                0x00020c14       0x14 libcodal-microbit-v2.a(MicroBitDevice.cpp.obj)
                0x00020c14                codal::MicroBitDevice::MicroBitDevice()
                0x00020c14                codal::MicroBitDevice::MicroBitDevice()
 .text._ZN5codal14MicroBitDevice10seedRandomEv
                0x00020c28       0x78 libcodal-microbit-v2.a(MicroBitDevice.cpp.obj)
                0x00020c28                codal::MicroBitDevice::seedRandom()
 .text._ZN5codal11ble_runningEv
                0x00020ca0       0x28 libcodal-microbit-v2.a(MicroBitDevice.cpp.obj)
                0x00020ca0                codal::ble_running()
 .text._ZN5codal14microbit_panicEi
                0x00020cc8      0x29c libcodal-microbit-v2.a(MicroBitDevice.cpp.obj)
                0x00020cc8                codal::microbit_panic(int)
 .text.target_panic
                0x00020f64        0x8 libcodal-microbit-v2.a(MicroBitDevice.cpp.obj)
                0x00020f64                target_panic
 .text.__wrap_atexit
                0x00020f6c        0x8 libcodal-microbit-v2.a(MicroBitDevice.cpp.obj)
                0x00020f6c                __wrap_atexit
 .text._ZN5codal13MicroBitRadioD2Ev
                0x00020f74       0x18 libcodal-microbit-v2.a(MicroBitRadio.cpp.obj)
                0x00020f74                codal::MicroBitRadio::~MicroBitRadio()
                0x00020f74                codal::MicroBitRadio::~MicroBitRadio()
 .text._ZN5codal13MicroBitRadioD0Ev
                0x00020f8c       0x20 libcodal-microbit-v2.a(MicroBitRadio.cpp.obj)
                0x00020f8c                codal::MicroBitRadio::~MicroBitRadio()
 .text._ZN5codal13MicroBitRadio12idleCallbackEv
                0x00020fac       0x74 libcodal-microbit-v2.a(MicroBitRadio.cpp.obj)
                0x00020fac                codal::MicroBitRadio::idleCallback()
 .text._ZN5codal13MicroBitRadioC2Et
                0x00021020       0x4c libcodal-microbit-v2.a(MicroBitRadio.cpp.obj)
                0x00021020                codal::MicroBitRadio::MicroBitRadio(unsigned short)
                0x00021020                codal::MicroBitRadio::MicroBitRadio(unsigned short)
 .text._ZN5codal13MicroBitRadio10queueRxBufEv
                0x0002106c       0x64 libcodal-microbit-v2.a(MicroBitRadio.cpp.obj)
                0x0002106c                codal::MicroBitRadio::queueRxBuf()
 .text.RADIO_IRQHandler
                0x000210d0       0x74 libcodal-microbit-v2.a(MicroBitRadio.cpp.obj)
                0x000210d0                RADIO_IRQHandler
 .text._ZN5codal13MicroBitRadio4recvEv
                0x00021144       0x34 libcodal-microbit-v2.a(MicroBitRadio.cpp.obj)
                0x00021144                codal::MicroBitRadio::recv()
 .text._ZN5codal21MicroBitRadioDatagramC2ERNS_13MicroBitRadioE
                0x00021178        0x8 libcodal-microbit-v2.a(MicroBitRadioDatagram.cpp.obj)
                0x00021178                codal::MicroBitRadioDatagram::MicroBitRadioDatagram(codal::MicroBitRadio&)
                0x00021178                codal::MicroBitRadioDatagram::MicroBitRadioDatagram(codal::MicroBitRadio&)
 .text._ZN5codal21MicroBitRadioDatagram14packetReceivedEv
                0x00021180       0x44 libcodal-microbit-v2.a(MicroBitRadioDatagram.cpp.obj)
                0x00021180                codal::MicroBitRadioDatagram::packetReceived()
 .text._ZN5codal10EventModel6removeEPNS_8ListenerE
                0x000211c4        0x8 libcodal-microbit-v2.a(MicroBitRadioEvent.cpp.obj)
                0x000211c4                codal::EventModel::remove(codal::Listener*)
 .text._ZN5codal18MicroBitRadioEventC2ERNS_13MicroBitRadioE
                0x000211cc        0x8 libcodal-microbit-v2.a(MicroBitRadioEvent.cpp.obj)
                0x000211cc                codal::MicroBitRadioEvent::MicroBitRadioEvent(codal::MicroBitRadio&)
                0x000211cc                codal::MicroBitRadioEvent::MicroBitRadioEvent(codal::MicroBitRadio&)
 .text._ZN5codal18MicroBitRadioEvent14packetReceivedEv
                0x000211d4       0x28 libcodal-microbit-v2.a(MicroBitRadioEvent.cpp.obj)
                0x000211d4                codal::MicroBitRadioEvent::packetReceived()
 .text.sd_temp_get
                0x000211fc        0x4 libcodal-microbit-v2.a(MicroBitThermometer.cpp.obj)
 .text._ZN5codal19MicroBitThermometerD2Ev
                0x00021200       0x18 libcodal-microbit-v2.a(MicroBitThermometer.cpp.obj)
                0x00021200                codal::MicroBitThermometer::~MicroBitThermometer()
                0x00021200                codal::MicroBitThermometer::~MicroBitThermometer()
 .text._ZN5codal19MicroBitThermometerD0Ev
                0x00021218       0x20 libcodal-microbit-v2.a(MicroBitThermometer.cpp.obj)
                0x00021218                codal::MicroBitThermometer::~MicroBitThermometer()
 .text._ZN5codal19MicroBitThermometerC2Et
                0x00021238       0x30 libcodal-microbit-v2.a(MicroBitThermometer.cpp.obj)
                0x00021238                codal::MicroBitThermometer::MicroBitThermometer(unsigned short)
                0x00021238                codal::MicroBitThermometer::MicroBitThermometer(unsigned short)
 .text._ZN5codal19MicroBitThermometer12updateSampleEv
                0x00021268       0x7c libcodal-microbit-v2.a(MicroBitThermometer.cpp.obj)
                0x00021268                codal::MicroBitThermometer::updateSample()
 .text._ZN5codal19MicroBitThermometer12idleCallbackEv
                0x000212e4        0x4 libcodal-microbit-v2.a(MicroBitThermometer.cpp.obj)
                0x000212e4                codal::MicroBitThermometer::idleCallback()
 .text._ZN5codal12PacketBufferD2Ev
                0x000212e8       0x10 libcodal-microbit-v2.a(PacketBuffer.cpp.obj)
                0x000212e8                codal::PacketBuffer::~PacketBuffer()
                0x000212e8                codal::PacketBuffer::~PacketBuffer()
 .text._ZN5codal12PacketBuffer4initEPhii
                0x000212f8       0x34 libcodal-microbit-v2.a(PacketBuffer.cpp.obj)
                0x000212f8                codal::PacketBuffer::init(unsigned char*, int, int)
 .text.startup._GLOBAL__sub_I__ZN5codal12PacketBuffer11EmptyPacketE
                0x0002132c       0x28 libcodal-microbit-v2.a(PacketBuffer.cpp.obj)
 .text._ZN5codal11MicroBitI2CC2ERNS_8NRF52PinES2_
                0x00021354       0x18 libcodal-microbit-v2.a(MicroBitI2C.cpp.obj)
                0x00021354                codal::MicroBitI2C::MicroBitI2C(codal::NRF52Pin&, codal::NRF52Pin&)
                0x00021354                codal::MicroBitI2C::MicroBitI2C(codal::NRF52Pin&, codal::NRF52Pin&)
 .text._ZN5codal14string_reverseEPc
                0x0002136c       0x2c libcodal-core.a(CodalCompat.cpp.obj)
                0x0002136c                codal::string_reverse(char*)
 .text._ZN5codal4itoaEiPc
                0x00021398       0x5c libcodal-core.a(CodalCompat.cpp.obj)
                0x00021398                codal::itoa(int, char*)
 .text._ZN5codal11seed_randomEm
                0x000213f4        0xc libcodal-core.a(CodalCompat.cpp.obj)
                0x000213f4                codal::seed_random(unsigned long)
 .text._Z18component_callbackN5codal5EventE
                0x00021400       0x74 libcodal-core.a(CodalComponent.cpp.obj)
                0x00021400                component_callback(codal::Event)
 .text._ZN5codal14CodalComponent12addComponentEv
                0x00021474       0xd8 libcodal-core.a(CodalComponent.cpp.obj)
                0x00021474                codal::CodalComponent::addComponent()
 .text._ZN5codal14CodalComponent15removeComponentEv
                0x0002154c       0x28 libcodal-core.a(CodalComponent.cpp.obj)
                0x0002154c                codal::CodalComponent::removeComponent()
 .text._ZN5codal14CodalComponent11setAllSleepEb
                0x00021574       0x5c libcodal-core.a(CodalComponent.cpp.obj)
                0x00021574                codal::CodalComponent::setAllSleep(bool)
 .text._ZN5codal11CodalDevice5sleepEm
                0x000215d0        0x8 libcodal-core.a(CodalDevice.cpp.obj)
                0x000215d0                codal::CodalDevice::sleep(unsigned long)
 .text._ZL9logwritenPKci
                0x000215d8       0x78 libcodal-core.a(CodalDmesg.cpp.obj)
 .text._ZL11logwritenummbb
                0x00021650       0x6c libcodal-core.a(CodalDmesg.cpp.obj)
 .text.codal_vdmesg
                0x000216bc       0xfc libcodal-core.a(CodalDmesg.cpp.obj)
                0x000216bc                codal_vdmesg
 .text.codal_dmesg
                0x000217b8       0x20 libcodal-core.a(CodalDmesg.cpp.obj)
                0x000217b8                codal_dmesg
 .text._ZN5codal13dequeue_fiberEPNS_5FiberE.part.0
                0x000217d8       0x30 libcodal-core.a(CodalFiber.cpp.obj)
 .text._ZN5codal11queue_fiberEPNS_5FiberEPS1_
                0x00021808       0x34 libcodal-core.a(CodalFiber.cpp.obj)
                0x00021808                codal::queue_fiber(codal::Fiber*, codal::Fiber**)
 .text._ZN5codal14scheduler_tickENS_5EventE
                0x0002183c       0x5c libcodal-core.a(CodalFiber.cpp.obj)
                0x0002183c                codal::scheduler_tick(codal::Event)
 .text._ZN5codal15scheduler_eventENS_5EventE
                0x00021898       0xfc libcodal-core.a(CodalFiber.cpp.obj)
                0x00021898                codal::scheduler_event(codal::Event)
 .text._Z15getFiberContextv
                0x00021994       0x68 libcodal-core.a(CodalFiber.cpp.obj)
                0x00021994                getFiberContext()
 .text._ZL10handle_fobv
                0x000219fc       0x38 libcodal-core.a(CodalFiber.cpp.obj)
 .text._Z14__create_fibermmmi.part.0
                0x00021a34       0x5c libcodal-core.a(CodalFiber.cpp.obj)
 .text._ZN5codal14scheduler_initERNS_10EventModelE
                0x00021a90      0x140 libcodal-core.a(CodalFiber.cpp.obj)
                0x00021a90                codal::scheduler_init(codal::EventModel&)
 .text._ZN5codal23fiber_scheduler_runningEv
                0x00021bd0       0x10 libcodal-core.a(CodalFiber.cpp.obj)
                0x00021bd0                codal::fiber_scheduler_running()
 .text._ZN5codal19fiber_wake_on_eventEtt
                0x00021be0       0x9c libcodal-core.a(CodalFiber.cpp.obj)
                0x00021be0                codal::fiber_wake_on_event(unsigned short, unsigned short)
 .text._ZN5codal12create_fiberEPFvvES1_
                0x00021c7c       0x28 libcodal-core.a(CodalFiber.cpp.obj)
                0x00021c7c                codal::create_fiber(void (*)(), void (*)())
 .text._ZN5codal12create_fiberEPFvPvES0_S2_
                0x00021ca4       0x28 libcodal-core.a(CodalFiber.cpp.obj)
                0x00021ca4                codal::create_fiber(void (*)(void*), void*, void (*)(void*))
 .text._ZN5codal24scheduler_runqueue_emptyEv
                0x00021ccc       0x10 libcodal-core.a(CodalFiber.cpp.obj)
                0x00021ccc                codal::scheduler_runqueue_empty()
 .text._ZN5codal4idleEv
                0x00021cdc       0x48 libcodal-core.a(CodalFiber.cpp.obj)
                0x00021cdc                codal::idle()
 .text._ZN5codal8scheduleEv.part.0
                0x00021d24      0x190 libcodal-core.a(CodalFiber.cpp.obj)
 .text._ZN5codal8scheduleEv
                0x00021eb4       0x14 libcodal-core.a(CodalFiber.cpp.obj)
                0x00021eb4                codal::schedule()
 .text._ZN5codal11fiber_sleepEm
                0x00021ec8       0x4c libcodal-core.a(CodalFiber.cpp.obj)
                0x00021ec8                codal::fiber_sleep(unsigned long)
 .text._ZN5codal20fiber_wait_for_eventEtt
                0x00021f14       0x20 libcodal-core.a(CodalFiber.cpp.obj)
                0x00021f14                codal::fiber_wait_for_event(unsigned short, unsigned short)
 .text._ZN5codal13release_fiberEv
                0x00021f34       0xc4 libcodal-core.a(CodalFiber.cpp.obj)
                0x00021f34                codal::release_fiber()
 .text._ZN5codal16launch_new_fiberEPFvvES1_
                0x00021ff8       0x10 libcodal-core.a(CodalFiber.cpp.obj)
                0x00021ff8                codal::launch_new_fiber(void (*)(), void (*)())
 .text._ZN5codal13release_fiberEPv
                0x00022008       0x14 libcodal-core.a(CodalFiber.cpp.obj)
                0x00022008                codal::release_fiber(void*)
 .text._ZN5codal6invokeEPFvPvES0_
                0x0002201c       0x98 libcodal-core.a(CodalFiber.cpp.obj)
                0x0002201c                codal::invoke(void (*)(void*), void*)
 .text._ZN5codal22launch_new_fiber_paramEPFvPvES2_S0_
                0x000220b4       0x28 libcodal-core.a(CodalFiber.cpp.obj)
                0x000220b4                codal::launch_new_fiber_param(void (*)(void*), void (*)(void*), void*)
 .text._ZN5codal9idle_taskEv
                0x000220dc       0x24 libcodal-core.a(CodalFiber.cpp.obj)
                0x000220dc                codal::idle_task()
 .text._ZN5codal9FiberLockC2Ev
                0x00022100        0x8 libcodal-core.a(CodalFiber.cpp.obj)
                0x00022100                codal::FiberLock::FiberLock()
                0x00022100                codal::FiberLock::FiberLock()
 .text._ZN5codal9FiberLock4waitEv
                0x00022108       0x40 libcodal-core.a(CodalFiber.cpp.obj)
                0x00022108                codal::FiberLock::wait()
 .text._ZN5codal9FiberLock6notifyEv
                0x00022148       0x24 libcodal-core.a(CodalFiber.cpp.obj)
                0x00022148                codal::FiberLock::notify()
 .text._ZN5codal9FiberLock9notifyAllEv
                0x0002216c       0x2c libcodal-core.a(CodalFiber.cpp.obj)
                0x0002216c                codal::FiberLock::notifyAll()
 .text._ZN5codal9FiberLock12getWaitCountEv
                0x00022198       0x14 libcodal-core.a(CodalFiber.cpp.obj)
                0x00022198                codal::FiberLock::getWaitCount()
 .text._Z18device_create_heapmm
                0x000221ac       0x3c libcodal-core.a(CodalHeapAllocator.cpp.obj)
                0x000221ac                device_create_heap(unsigned long, unsigned long)
 .text._Z16device_malloc_injR14HeapDefinition
                0x000221e8       0xac libcodal-core.a(CodalHeapAllocator.cpp.obj)
                0x000221e8                device_malloc_in(unsigned int, HeapDefinition&)
 .text.device_malloc
                0x00022294       0x5c libcodal-core.a(CodalHeapAllocator.cpp.obj)
                0x00022294                device_malloc
                0x00022294                malloc
 .text.device_free
                0x000222f0       0x44 libcodal-core.a(CodalHeapAllocator.cpp.obj)
                0x000222f0                free
                0x000222f0                device_free
 .text.calloc   0x00022334       0x28 libcodal-core.a(CodalHeapAllocator.cpp.obj)
                0x00022334                calloc
 .text._ZN5codal8ListenerC2EttPFvNS_5EventEEt
                0x0002235c       0x30 libcodal-core.a(CodalListener.cpp.obj)
                0x0002235c                codal::Listener::Listener(unsigned short, unsigned short, void (*)(codal::Event), unsigned short)
                0x0002235c                codal::Listener::Listener(unsigned short, unsigned short, void (*)(codal::Event), unsigned short)
 .text._ZN5codal8ListenerD2Ev
                0x0002238c       0x18 libcodal-core.a(CodalListener.cpp.obj)
                0x0002238c                codal::Listener::~Listener()
                0x0002238c                codal::Listener::~Listener()
 .text._ZN5codal8Listener5queueENS_5EventE
                0x000223a4       0x94 libcodal-core.a(CodalListener.cpp.obj)
                0x000223a4                codal::Listener::queue(codal::Event)
 .text._ZNK5codal13KeyValueTable3getEm
                0x00022438       0x30 libcodal-core.a(CodalUtil.cpp.obj)
                0x00022438                codal::KeyValueTable::get(unsigned long) const
 .text._ZNK5codal13KeyValueTable6getKeyEm
                0x00022468       0x38 libcodal-core.a(CodalUtil.cpp.obj)
                0x00022468                codal::KeyValueTable::getKey(unsigned long) const
 .text._ZNK5codal13KeyValueTable6hasKeyEm
                0x000224a0       0x40 libcodal-core.a(CodalUtil.cpp.obj)
                0x000224a0                codal::KeyValueTable::hasKey(unsigned long) const
 .text.target_wait
                0x000224e0        0x4 libcodal-core.a(codal_default_target_hal.cpp.obj)
                0x000224e0                target_wait
 .text.target_wait_us
                0x000224e4        0x4 libcodal-core.a(codal_default_target_hal.cpp.obj)
                0x000224e4                target_wait_us
 .text.target_seed_random
                0x000224e8        0x4 libcodal-core.a(codal_default_target_hal.cpp.obj)
                0x000224e8                target_seed_random
 .text._ZN5codal14AbstractButton9isPressedEv
                0x000224ec        0x4 libcodal-core.a(AbstractButton.cpp.obj)
                0x000224ec                codal::AbstractButton::isPressed()
 .text._ZN5codal14AbstractButtonD2Ev
                0x000224f0       0x18 libcodal-core.a(AbstractButton.cpp.obj)
                0x000224f0                codal::AbstractButton::~AbstractButton()
                0x000224f0                codal::AbstractButton::~AbstractButton()
 .text._ZN5codal14AbstractButtonD0Ev
                0x00022508       0x20 libcodal-core.a(AbstractButton.cpp.obj)
                0x00022508                codal::AbstractButton::~AbstractButton()
 .text._ZN5codal14AbstractButtonC2Ev
                0x00022528       0x2c libcodal-core.a(AbstractButton.cpp.obj)
                0x00022528                codal::AbstractButton::AbstractButton()
                0x00022528                codal::AbstractButton::AbstractButton()
 .text._ZN5codal13Accelerometer9getPeriodEv
                0x00022554        0x4 libcodal-core.a(Accelerometer.cpp.obj)
                0x00022554                codal::Accelerometer::getPeriod()
 .text._ZN5codal13Accelerometer8getRangeEv
                0x00022558        0x4 libcodal-core.a(Accelerometer.cpp.obj)
                0x00022558                codal::Accelerometer::getRange()
 .text._ZN5codal13Accelerometer9configureEv
                0x0002255c        0x8 libcodal-core.a(Accelerometer.cpp.obj)
                0x0002255c                codal::Accelerometer::configure()
                0x0002255c                codal::Accelerometer::requestUpdate()
 .text._ZN5codal13AccelerometerD2Ev
                0x00022564       0x18 libcodal-core.a(Accelerometer.cpp.obj)
                0x00022564                codal::Accelerometer::~Accelerometer()
                0x00022564                codal::Accelerometer::~Accelerometer()
 .text._ZN5codal13AccelerometerD0Ev
                0x0002257c       0x20 libcodal-core.a(Accelerometer.cpp.obj)
                0x0002257c                codal::Accelerometer::~Accelerometer()
 .text._ZN5codal13Accelerometer8setRangeEi
                0x0002259c       0x48 libcodal-core.a(Accelerometer.cpp.obj)
                0x0002259c                codal::Accelerometer::setRange(int)
 .text._ZN5codal13Accelerometer9setPeriodEi
                0x000225e4       0x48 libcodal-core.a(Accelerometer.cpp.obj)
                0x000225e4                codal::Accelerometer::setPeriod(int)
 .text._ZN5codal13AccelerometerC2ERNS_15CoordinateSpaceEt
                0x0002262c       0x64 libcodal-core.a(Accelerometer.cpp.obj)
                0x0002262c                codal::Accelerometer::Accelerometer(codal::CoordinateSpace&, unsigned short)
                0x0002262c                codal::Accelerometer::Accelerometer(codal::CoordinateSpace&, unsigned short)
 .text._ZN5codal13Accelerometer20instantaneousPostureEv
                0x00022690      0x194 libcodal-core.a(Accelerometer.cpp.obj)
                0x00022690                codal::Accelerometer::instantaneousPosture()
 .text._ZN5codal13Accelerometer13updateGestureEv
                0x00022824      0x108 libcodal-core.a(Accelerometer.cpp.obj)
                0x00022824                codal::Accelerometer::updateGesture()
 .text._ZN5codal13Accelerometer6updateEv
                0x0002292c       0x44 libcodal-core.a(Accelerometer.cpp.obj)
                0x0002292c                codal::Accelerometer::update()
 .text._ZN5codal13Accelerometer4getXEv
                0x00022970       0x1c libcodal-core.a(Accelerometer.cpp.obj)
                0x00022970                codal::Accelerometer::getX()
 .text._ZN5codal13Accelerometer4getYEv
                0x0002298c       0x1c libcodal-core.a(Accelerometer.cpp.obj)
                0x0002298c                codal::Accelerometer::getY()
 .text._ZN5codal7Compass9configureEv
                0x000229a8        0x8 libcodal-core.a(Compass.cpp.obj)
                0x000229a8                codal::Compass::requestUpdate()
                0x000229a8                codal::Compass::configure()
 .text._ZN5codal7Compass9getPeriodEv
                0x000229b0        0x4 libcodal-core.a(Compass.cpp.obj)
                0x000229b0                codal::Compass::getPeriod()
 .text._ZN5codal7CompassD2Ev
                0x000229b4       0x18 libcodal-core.a(Compass.cpp.obj)
                0x000229b4                codal::Compass::~Compass()
                0x000229b4                codal::Compass::~Compass()
 .text._ZN5codal7CompassD0Ev
                0x000229cc       0x20 libcodal-core.a(Compass.cpp.obj)
                0x000229cc                codal::Compass::~Compass()
 .text._ZN5codal7Compass6updateEv
                0x000229ec       0x60 libcodal-core.a(Compass.cpp.obj)
                0x000229ec                codal::Compass::update()
 .text._ZN5codal7Compass9setPeriodEi
                0x00022a4c       0x48 libcodal-core.a(Compass.cpp.obj)
                0x00022a4c                codal::Compass::setPeriod(int)
 .text._ZN5codal7CompassC2ERNS_15CoordinateSpaceEt
                0x00022a94       0x54 libcodal-core.a(Compass.cpp.obj)
                0x00022a94                codal::Compass::Compass(codal::CoordinateSpace&, unsigned short)
                0x00022a94                codal::Compass::Compass(codal::CoordinateSpace&, unsigned short)
 .text._ZN5codal7Compass14setCalibrationENS_18CompassCalibrationE
                0x00022ae8       0x2c libcodal-core.a(Compass.cpp.obj)
                0x00022ae8                codal::Compass::setCalibration(codal::CompassCalibration)
 .text._ZN5codal7Compass16setAccelerometerERNS_13AccelerometerE
                0x00022b14        0x4 libcodal-core.a(Compass.cpp.obj)
                0x00022b14                codal::Compass::setAccelerometer(codal::Accelerometer&)
 .text._ZN5codal7Compass9getSampleENS_16CoordinateSystemE
                0x00022b18       0x38 libcodal-core.a(Compass.cpp.obj)
                0x00022b18                codal::Compass::getSample(codal::CoordinateSystem)
 .text._ZN5codal7Display8getWidthEv
                0x00022b50        0x4 libcodal-core.a(Display.cpp.obj)
                0x00022b50                codal::Display::getWidth()
 .text._ZN5codal7Display9getHeightEv
                0x00022b54        0x4 libcodal-core.a(Display.cpp.obj)
                0x00022b54                codal::Display::getHeight()
 .text._ZN5codal7Display13setBrightnessEi
                0x00022b58       0x10 libcodal-core.a(Display.cpp.obj)
                0x00022b58                codal::Display::setBrightness(int)
 .text._ZN5codal7Display13getBrightnessEv
                0x00022b68        0x4 libcodal-core.a(Display.cpp.obj)
                0x00022b68                codal::Display::getBrightness()
 .text._ZN5codal7Display6enableEv
                0x00022b6c        0x4 libcodal-core.a(Display.cpp.obj)
                0x00022b6c                codal::Display::disable()
                0x00022b6c                codal::Display::enable()
 .text._ZN5codal7Display10screenShotEv
                0x00022b70       0x20 libcodal-core.a(Display.cpp.obj)
                0x00022b70                codal::Display::screenShot()
 .text._ZN5codal7DisplayD2Ev
                0x00022b90       0x28 libcodal-core.a(Display.cpp.obj)
                0x00022b90                codal::Display::~Display()
                0x00022b90                codal::Display::~Display()
 .text._ZN5codal7DisplayD0Ev
                0x00022bb8       0x30 libcodal-core.a(Display.cpp.obj)
                0x00022bb8                codal::Display::~Display()
 .text._ZN5codal7DisplayC2Eiit
                0x00022be8       0x3c libcodal-core.a(Display.cpp.obj)
                0x00022be8                codal::Display::Display(int, int, unsigned short)
                0x00022be8                codal::Display::Display(int, int, unsigned short)
 .text._ZN5codal3I2C12setFrequencyEm
                0x00022c24        0x8 libcodal-core.a(I2C.cpp.obj)
                0x00022c24                codal::I2C::setFrequency(unsigned long)
 .text._ZN5codal3I2C5startEv
                0x00022c2c        0x8 libcodal-core.a(I2C.cpp.obj)
                0x00022c2c                codal::I2C::start()
                0x00022c2c                codal::I2C::stop()
 .text._ZN5codal3I2C5writeEh
                0x00022c34        0x8 libcodal-core.a(I2C.cpp.obj)
                0x00022c34                codal::I2C::write(unsigned char)
                0x00022c34                codal::I2C::read(codal::AcknowledgeType)
 .text._ZN5codal3I2C5writeEth
                0x00022c3c       0x1c libcodal-core.a(I2C.cpp.obj)
                0x00022c3c                codal::I2C::write(unsigned short, unsigned char)
 .text._ZN5codal3I2C13writeRegisterEthh
                0x00022c58       0x20 libcodal-core.a(I2C.cpp.obj)
                0x00022c58                codal::I2C::writeRegister(unsigned short, unsigned char, unsigned char)
 .text._ZN5codal3I2C12readRegisterEhh
                0x00022c78       0x20 libcodal-core.a(I2C.cpp.obj)
                0x00022c78                codal::I2C::readRegister(unsigned char, unsigned char)
 .text._ZN5codal3I2C12readRegisterEthPhib
                0x00022c98       0x44 libcodal-core.a(I2C.cpp.obj)
                0x00022c98                codal::I2C::readRegister(unsigned short, unsigned char, unsigned char*, int, bool)
 .text._ZN5codal3I2C5writeEtPhib
                0x00022cdc       0x94 libcodal-core.a(I2C.cpp.obj)
                0x00022cdc                codal::I2C::write(unsigned short, unsigned char*, int, bool)
 .text._ZN5codal3I2C4readEtPhib
                0x00022d70       0xd0 libcodal-core.a(I2C.cpp.obj)
                0x00022d70                codal::I2C::read(unsigned short, unsigned char*, int, bool)
 .text._ZN5codal3I2CC2ERNS_3PinES2_
                0x00022e40        0xc libcodal-core.a(I2C.cpp.obj)
                0x00022e40                codal::I2C::I2C(codal::Pin&, codal::Pin&)
                0x00022e40                codal::I2C::I2C(codal::Pin&, codal::Pin&)
 .text._ZN5codal6Serial6printfEPKcz
                0x00022e4c      0x174 libcodal-core.a(Serial.cpp.obj)
                0x00022e4c                codal::Serial::printf(char const*, ...)
 .text._ZN5codal6Serial12idleCallbackEv
                0x00022fc0       0x28 libcodal-core.a(Serial.cpp.obj)
                0x00022fc0                codal::Serial::idleCallback()
 .text._ZN5codal6Serial15dataTransmittedEv
                0x00022fe8       0x5c libcodal-core.a(Serial.cpp.obj)
                0x00022fe8                codal::Serial::dataTransmitted()
 .text._ZN5codal6Serial14setTxInterruptEPhiNS_10SerialModeE
                0x00023044       0x64 libcodal-core.a(Serial.cpp.obj)
                0x00023044                codal::Serial::setTxInterrupt(unsigned char*, int, codal::SerialMode)
 .text._ZN5codal6Serial12initialiseRxEv
                0x000230a8       0x4c libcodal-core.a(Serial.cpp.obj)
                0x000230a8                codal::Serial::initialiseRx()
 .text._ZN5codal6Serial12initialiseTxEv
                0x000230f4       0x44 libcodal-core.a(Serial.cpp.obj)
                0x000230f4                codal::Serial::initialiseTx()
 .text._ZN5codal6Serial4sendENS_10SerialModeE
                0x00023138       0x38 libcodal-core.a(Serial.cpp.obj)
                0x00023138                codal::Serial::send(codal::SerialMode)
 .text._ZN5codal6SerialC2ERNS_3PinES2_hht
                0x00023170       0x68 libcodal-core.a(Serial.cpp.obj)
                0x00023170                codal::Serial::Serial(codal::Pin&, codal::Pin&, unsigned char, unsigned char, unsigned short)
                0x00023170                codal::Serial::Serial(codal::Pin&, codal::Pin&, unsigned char, unsigned char, unsigned short)
 .text._ZN5codal6Serial4sendEPhiNS_10SerialModeE
                0x000231d8       0x74 libcodal-core.a(Serial.cpp.obj)
                0x000231d8                codal::Serial::send(unsigned char*, int, codal::SerialMode)
 .text._ZN5codal6Serial4sendENS_13ManagedStringENS_10SerialModeE
                0x0002324c       0x10 libcodal-core.a(Serial.cpp.obj)
                0x0002324c                codal::Serial::send(codal::ManagedString, codal::SerialMode)
 .text._ZN5codal6Serial7getCharENS_10SerialModeE
                0x0002325c       0x68 libcodal-core.a(Serial.cpp.obj)
                0x0002325c                codal::Serial::getChar(codal::SerialMode)
 .text._ZN5codal6Serial7eventOnENS_13ManagedStringENS_10SerialModeE
                0x000232c4       0x2c libcodal-core.a(Serial.cpp.obj)
                0x000232c4                codal::Serial::eventOn(codal::ManagedString, codal::SerialMode)
 .text._ZN5codal6Serial9readUntilENS_13ManagedStringENS_10SerialModeE
                0x000232f0      0x268 libcodal-core.a(Serial.cpp.obj)
                0x000232f0                codal::Serial::readUntil(codal::ManagedString, codal::SerialMode)
 .text._ZN5codal6Serial14txBufferedSizeEv
                0x00023558       0x20 libcodal-core.a(Serial.cpp.obj)
                0x00023558                codal::Serial::txBufferedSize()
 .text._ZN5codal6SerialD2Ev
                0x00023578       0x28 libcodal-core.a(Serial.cpp.obj)
                0x00023578                codal::Serial::~Serial()
                0x00023578                codal::Serial::~Serial()
 .text._ZN5codal13LowLevelTimer6setIRQEPFvtE
                0x000235a0        0x8 libcodal-core.a(Timer.cpp.obj)
                0x000235a0                codal::LowLevelTimer::setIRQ(void (*)(unsigned short))
 .text._ZN5codal5Timer17disableInterruptsEv
                0x000235a8       0x10 libcodal-core.a(Timer.cpp.obj)
                0x000235a8                codal::Timer::disableInterrupts()
 .text._ZN5codal5Timer16enableInterruptsEv
                0x000235b8       0x10 libcodal-core.a(Timer.cpp.obj)
                0x000235b8                codal::Timer::enableInterrupts()
 .text._ZN5codal5Timer9triggerInEy
                0x000235c8       0x40 libcodal-core.a(Timer.cpp.obj)
                0x000235c8                codal::Timer::triggerIn(unsigned long long)
 .text._ZN5codal5Timer4syncEv
                0x00023608       0x64 libcodal-core.a(Timer.cpp.obj)
                0x00023608                codal::Timer::sync()
 .text._ZN5codal5Timer8setEventEyttb
                0x0002366c       0x98 libcodal-core.a(Timer.cpp.obj)
                0x0002366c                codal::Timer::setEvent(unsigned long long, unsigned short, unsigned short, bool)
 .text._ZN5codal5Timer23recomputeNextTimerEventEv
                0x00023704       0x60 libcodal-core.a(Timer.cpp.obj)
                0x00023704                codal::Timer::recomputeNextTimerEvent()
 .text._ZN5codal5Timer7triggerEb
                0x00023764       0xd0 libcodal-core.a(Timer.cpp.obj)
                0x00023764                codal::Timer::trigger(bool)
 .text._Z14timer_callbackt
                0x00023834       0x24 libcodal-core.a(Timer.cpp.obj)
                0x00023834                timer_callback(unsigned short)
 .text._ZN5codal5TimerD2Ev
                0x00023858        0x4 libcodal-core.a(Timer.cpp.obj)
                0x00023858                codal::Timer::~Timer()
                0x00023858                codal::Timer::~Timer()
 .text._ZN5codal25system_timer_current_timeEv
                0x0002385c       0x20 libcodal-core.a(Timer.cpp.obj)
                0x0002385c                codal::system_timer_current_time()
 .text._ZN5codal28system_timer_current_time_usEv
                0x0002387c       0x20 libcodal-core.a(Timer.cpp.obj)
                0x0002387c                codal::system_timer_current_time_us()
 .text._ZN5codal27system_timer_event_every_usEytt
                0x0002389c       0x2c libcodal-core.a(Timer.cpp.obj)
                0x0002389c                codal::system_timer_event_every_us(unsigned long long, unsigned short, unsigned short)
 .text._ZN5codal29system_timer_calibrate_cyclesEv
                0x000238c8       0x4c libcodal-core.a(Timer.cpp.obj)
                0x000238c8                codal::system_timer_calibrate_cycles()
 .text._ZN5codal5TimerC2ERNS_13LowLevelTimerEhh
                0x00023914       0x8c libcodal-core.a(Timer.cpp.obj)
                0x00023914                codal::Timer::Timer(codal::LowLevelTimer&, unsigned char, unsigned char)
                0x00023914                codal::Timer::Timer(codal::LowLevelTimer&, unsigned char, unsigned char)
 .text._ZN5codal20system_timer_wait_usEm
                0x000239a0       0x58 libcodal-core.a(Timer.cpp.obj)
                0x000239a0                codal::system_timer_wait_us(unsigned long)
 .text._ZN5codal20system_timer_wait_msEm
                0x000239f8        0xc libcodal-core.a(Timer.cpp.obj)
                0x000239f8                codal::system_timer_wait_ms(unsigned long)
 .text._ZN5codal15AnimatedDisplayD2Ev
                0x00023a04       0x40 libcodal-core.a(AnimatedDisplay.cpp.obj)
                0x00023a04                codal::AnimatedDisplay::~AnimatedDisplay()
                0x00023a04                codal::AnimatedDisplay::~AnimatedDisplay()
 .text._ZN5codal15AnimatedDisplayD0Ev
                0x00023a44       0x14 libcodal-core.a(AnimatedDisplay.cpp.obj)
                0x00023a44                codal::AnimatedDisplay::~AnimatedDisplay()
 .text._ZN5codal15AnimatedDisplay18waitForFreeDisplayEv.part.0
                0x00023a58        0xc libcodal-core.a(AnimatedDisplay.cpp.obj)
 .text._ZN5codal15AnimatedDisplayC2ERNS_7DisplayEt
                0x00023a64       0x60 libcodal-core.a(AnimatedDisplay.cpp.obj)
                0x00023a64                codal::AnimatedDisplay::AnimatedDisplay(codal::Display&, unsigned short)
                0x00023a64                codal::AnimatedDisplay::AnimatedDisplay(codal::Display&, unsigned short)
 .text._ZN5codal15AnimatedDisplay26sendAnimationCompleteEventEv
                0x00023ac4       0x24 libcodal-core.a(AnimatedDisplay.cpp.obj)
                0x00023ac4                codal::AnimatedDisplay::sendAnimationCompleteEvent()
 .text._ZN5codal15AnimatedDisplay16updateScrollTextEv
                0x00023ae8       0xc0 libcodal-core.a(AnimatedDisplay.cpp.obj)
                0x00023ae8                codal::AnimatedDisplay::updateScrollText()
 .text._ZN5codal15AnimatedDisplay15updatePrintTextEv
                0x00023ba8       0x54 libcodal-core.a(AnimatedDisplay.cpp.obj)
                0x00023ba8                codal::AnimatedDisplay::updatePrintText()
 .text._ZN5codal15AnimatedDisplay17updateScrollImageEv
                0x00023bfc       0x50 libcodal-core.a(AnimatedDisplay.cpp.obj)
                0x00023bfc                codal::AnimatedDisplay::updateScrollImage()
 .text._ZN5codal15AnimatedDisplay18updateAnimateImageEv
                0x00023c4c       0x94 libcodal-core.a(AnimatedDisplay.cpp.obj)
                0x00023c4c                codal::AnimatedDisplay::updateAnimateImage()
 .text._ZN5codal15AnimatedDisplay15animationUpdateEv
                0x00023ce0       0x74 libcodal-core.a(AnimatedDisplay.cpp.obj)
                0x00023ce0                codal::AnimatedDisplay::animationUpdate()
 .text._ZN5codal15AnimatedDisplay16periodicCallbackEv
                0x00023d54        0x4 libcodal-core.a(AnimatedDisplay.cpp.obj)
                0x00023d54                codal::AnimatedDisplay::periodicCallback()
 .text._ZN5codal15AnimatedDisplay13stopAnimationEv
                0x00023d58       0x38 libcodal-core.a(AnimatedDisplay.cpp.obj)
                0x00023d58                codal::AnimatedDisplay::stopAnimation()
 .text._ZN5codal15AnimatedDisplay9fiberWaitEv
                0x00023d90       0x2c libcodal-core.a(AnimatedDisplay.cpp.obj)
                0x00023d90                codal::AnimatedDisplay::fiberWait()
 .text._ZN5codal15AnimatedDisplay10printAsyncENS_13ManagedStringEi
                0x00023dbc       0x68 libcodal-core.a(AnimatedDisplay.cpp.obj)
                0x00023dbc                codal::AnimatedDisplay::printAsync(codal::ManagedString, int)
 .text._ZN5codal15AnimatedDisplay10printAsyncENS_5ImageEiiii
                0x00023e24       0x4c libcodal-core.a(AnimatedDisplay.cpp.obj)
                0x00023e24                codal::AnimatedDisplay::printAsync(codal::Image, int, int, int, int)
 .text._ZN5codal15AnimatedDisplay5printENS_13ManagedStringEi
                0x00023e70       0x8c libcodal-core.a(AnimatedDisplay.cpp.obj)
                0x00023e70                codal::AnimatedDisplay::print(codal::ManagedString, int)
 .text._ZN5codal15AnimatedDisplay11scrollAsyncENS_13ManagedStringEi
                0x00023efc       0x3c libcodal-core.a(AnimatedDisplay.cpp.obj)
                0x00023efc                codal::AnimatedDisplay::scrollAsync(codal::ManagedString, int)
 .text._ZN5codal15AnimatedDisplay6scrollENS_13ManagedStringEi
                0x00023f38       0x58 libcodal-core.a(AnimatedDisplay.cpp.obj)
                0x00023f38                codal::AnimatedDisplay::scroll(codal::ManagedString, int)
 .text._ZN5codal6Button9isPressedEv
                0x00023f90        0x8 libcodal-core.a(Button.cpp.obj)
                0x00023f90                codal::Button::isPressed()
 .text._ZN5codal6ButtonD2Ev
                0x00023f98       0x14 libcodal-core.a(Button.cpp.obj)
                0x00023f98                codal::Button::~Button()
                0x00023f98                codal::Button::~Button()
 .text._ZN5codal6ButtonD0Ev
                0x00023fac       0x1c libcodal-core.a(Button.cpp.obj)
                0x00023fac                codal::Button::~Button()
 .text._ZN5codal6Button16periodicCallbackEv
                0x00023fc8       0xe8 libcodal-core.a(Button.cpp.obj)
                0x00023fc8                codal::Button::periodicCallback()
 .text._ZN5codal6Button12buttonActiveEv
                0x000240b0       0x28 libcodal-core.a(Button.cpp.obj)
                0x000240b0                codal::Button::buttonActive()
 .text._ZN5codal6ButtonC2ERNS_3PinEt24ButtonEventConfiguration14ButtonPolarityNS_8PullModeE
                0x000240d8       0x54 libcodal-core.a(Button.cpp.obj)
                0x000240d8                codal::Button::Button(codal::Pin&, unsigned short, ButtonEventConfiguration, ButtonPolarity, codal::PullMode)
                0x000240d8                codal::Button::Button(codal::Pin&, unsigned short, ButtonEventConfiguration, ButtonPolarity, codal::PullMode)
 .text._ZN5codal6Button21setEventConfigurationE24ButtonEventConfiguration